Using pre-set license
Built from '2022.3/staging' branch; Version is '2022.3.4f1 (35713cd46cd7) revision 3502396'; Using compiler version '192829333'; Build Type 'Release'
OS: 'Windows 11  (10.0.26100) 64bit Core' Language: 'en' Physical Memory: 65463 MB
BatchMode: 1, IsHumanControllingUs: 0, StartBugReporterOnCrash: 0, Is64bit: 1, IsPro: 1

COMMAND LINE ARGUMENTS:
C:\Program Files\Unity\Hub\Editor\2022.3.4f1\Editor\Unity.exe
-adb2
-batchMode
-noUpm
-name
AssetImportWorker19
-projectPath
C:/Users/Sara/Documents/GitHub/LevelDesign/DoorPuzzleUnity
-logFile
Logs/AssetImportWorker19.log
-srvPort
62018
Successfully changed project path to: C:/Users/Sara/Documents/GitHub/LevelDesign/DoorPuzzleUnity
C:/Users/Sara/Documents/GitHub/LevelDesign/DoorPuzzleUnity
[UnityMemory] Configuration Parameters - Can be set up in boot.config
    "memorysetup-bucket-allocator-granularity=16"
    "memorysetup-bucket-allocator-bucket-count=8"
    "memorysetup-bucket-allocator-block-size=33554432"
    "memorysetup-bucket-allocator-block-count=8"
    "memorysetup-main-allocator-block-size=16777216"
    "memorysetup-thread-allocator-block-size=16777216"
    "memorysetup-gfx-main-allocator-block-size=16777216"
    "memorysetup-gfx-thread-allocator-block-size=16777216"
    "memorysetup-cache-allocator-block-size=4194304"
    "memorysetup-typetree-allocator-block-size=2097152"
    "memorysetup-profiler-bucket-allocator-granularity=16"
    "memorysetup-profiler-bucket-allocator-bucket-count=8"
    "memorysetup-profiler-bucket-allocator-block-size=33554432"
    "memorysetup-profiler-bucket-allocator-block-count=8"
    "memorysetup-profiler-allocator-block-size=16777216"
    "memorysetup-profiler-editor-allocator-block-size=1048576"
    "memorysetup-temp-allocator-size-main=16777216"
    "memorysetup-job-temp-allocator-block-size=2097152"
    "memorysetup-job-temp-allocator-block-size-background=1048576"
    "memorysetup-job-temp-allocator-reduction-small-platforms=262144"
    "memorysetup-allocator-temp-initial-block-size-main=262144"
    "memorysetup-allocator-temp-initial-block-size-worker=262144"
    "memorysetup-temp-allocator-size-background-worker=32768"
    "memorysetup-temp-allocator-size-job-worker=262144"
    "memorysetup-temp-allocator-size-preload-manager=33554432"
    "memorysetup-temp-allocator-size-nav-mesh-worker=65536"
    "memorysetup-temp-allocator-size-audio-worker=65536"
    "memorysetup-temp-allocator-size-cloud-worker=32768"
    "memorysetup-temp-allocator-size-gi-baking-worker=262144"
    "memorysetup-temp-allocator-size-gfx=262144"
Player connection [43632] Host "[IP] 192.168.2.10 [Port] 0 [Flags] 2 [Guid] 2305381062 [EditorId] 2305381062 [Version] 1048832 [Id] WindowsEditor(7,DESKTOP-B3QK9UJ) [Debug] 1 [PackageName] WindowsEditor [ProjectName] Editor" joined multi-casting on [225.0.0.222:54997]...

Player connection [43632] Host "[IP] 192.168.2.10 [Port] 0 [Flags] 2 [Guid] 2305381062 [EditorId] 2305381062 [Version] 1048832 [Id] WindowsEditor(7,DESKTOP-B3QK9UJ) [Debug] 1 [PackageName] WindowsEditor [ProjectName] Editor" joined alternative multi-casting on [225.0.0.222:34997]...

Refreshing native plugins compatible for Editor in 7.53 ms, found 3 plugins.
Preloading 0 native plugins for Editor in 0.00 ms.
Initialize engine version: 2022.3.4f1 (35713cd46cd7)
[Subsystems] Discovering subsystems at path C:/Program Files/Unity/Hub/Editor/2022.3.4f1/Editor/Data/Resources/UnitySubsystems
[Subsystems] Discovering subsystems at path C:/Users/Sara/Documents/GitHub/LevelDesign/DoorPuzzleUnity/Assets
GfxDevice: creating device client; threaded=0; jobified=0
Direct3D:
    Version:  Direct3D 11.0 [level 11.1]
    Renderer: NVIDIA GeForce RTX 3080 Ti (ID=0x2208)
    Vendor:   NVIDIA
    VRAM:     12086 MB
    Driver:   32.0.15.6094
Initialize mono
Mono path[0] = 'C:/Program Files/Unity/Hub/Editor/2022.3.4f1/Editor/Data/Managed'
Mono path[1] = 'C:/Program Files/Unity/Hub/Editor/2022.3.4f1/Editor/Data/MonoBleedingEdge/lib/mono/unityjit-win32'
Mono config path = 'C:/Program Files/Unity/Hub/Editor/2022.3.4f1/Editor/Data/MonoBleedingEdge/etc'
Using monoOptions --debugger-agent=transport=dt_socket,embedding=1,server=y,suspend=n,address=127.0.0.1:56904
Begin MonoManager ReloadAssembly
Registering precompiled unity dll's ...
Register platform support module: C:/Program Files/Unity/Hub/Editor/2022.3.4f1/Editor/Data/PlaybackEngines/WebGLSupport/UnityEditor.WebGL.Extensions.dll
Register platform support module: C:/Program Files/Unity/Hub/Editor/2022.3.4f1/Editor/Data/PlaybackEngines/WindowsStandaloneSupport/UnityEditor.WindowsStandalone.Extensions.dll
Registered in 0.007774 seconds.
- Loaded All Assemblies, in  0.312 seconds
Native extension for WindowsStandalone target not found
Native extension for WebGL target not found
Mono: successfully reloaded assembly
- Finished resetting the current domain, in  0.236 seconds
Domain Reload Profiling: 546ms
	BeginReloadAssembly (79ms)
		ExecutionOrderSort (0ms)
		DisableScriptedObjects (0ms)
		BackupInstance (0ms)
		ReleaseScriptingObjects (0ms)
		CreateAndSetChildDomain (1ms)
	RebuildCommonClasses (33ms)
	RebuildNativeTypeToScriptingClass (10ms)
	initialDomainReloadingComplete (55ms)
	LoadAllAssembliesAndSetupDomain (133ms)
		LoadAssemblies (77ms)
		RebuildTransferFunctionScriptingTraits (0ms)
		AnalyzeDomain (127ms)
			TypeCache.Refresh (126ms)
				TypeCache.ScanAssembly (116ms)
			ScanForSourceGeneratedMonoScriptInfo (0ms)
			ResolveRequiredComponents (0ms)
	FinalizeReload (236ms)
		ReleaseScriptCaches (0ms)
		RebuildScriptCaches (0ms)
		SetupLoadedEditorAssemblies (182ms)
			LogAssemblyErrors (0ms)
			InitializePlatformSupportModulesInManaged (9ms)
			SetLoadedEditorAssemblies (5ms)
			RefreshPlugins (0ms)
			BeforeProcessingInitializeOnLoad (2ms)
			ProcessInitializeOnLoadAttributes (123ms)
			ProcessInitializeOnLoadMethodAttributes (44ms)
			AfterProcessingInitializeOnLoad (0ms)
			EditorAssembliesLoaded (0ms)
		ExecutionOrderSort2 (0ms)
		AwakeInstancesAfterBackupRestoration (0ms)
========================================================================
Worker process is ready to serve import requests
Begin MonoManager ReloadAssembly
Symbol file LoadedFromMemory doesn't match image C:\Users\Sara\Documents\GitHub\LevelDesign\DoorPuzzleUnity\Library\PackageCache\com.unity.visualscripting@1.8.0\Editor\VisualScripting.Core\Dependencies\YamlDotNet\Unity.VisualScripting.YamlDotNet.dll
Symbol file LoadedFromMemory doesn't match image C:\Users\Sara\Documents\GitHub\LevelDesign\DoorPuzzleUnity\Library\PackageCache\com.unity.visualscripting@1.8.0\Editor\VisualScripting.Core\Dependencies\DotNetZip\Unity.VisualScripting.IonicZip.dll
- Loaded All Assemblies, in  0.664 seconds
Refreshing native plugins compatible for Editor in 2.97 ms, found 3 plugins.
Native extension for WindowsStandalone target not found
Native extension for WebGL target not found
Package Manager log level set to [2]
[Package Manager] Server::EnsureServerProcessIsRunning -- launch failed, reason: Unity was launched with the -noUpm command-line argument
[Package Manager] UpmClient::Send -- Unable to send message (not connected to UPM process).
[Package Manager] Cannot connect to Unity Package Manager local server
Mono: successfully reloaded assembly
- Finished resetting the current domain, in  0.562 seconds
Domain Reload Profiling: 1223ms
	BeginReloadAssembly (116ms)
		ExecutionOrderSort (0ms)
		DisableScriptedObjects (5ms)
		BackupInstance (0ms)
		ReleaseScriptingObjects (0ms)
		CreateAndSetChildDomain (21ms)
	RebuildCommonClasses (31ms)
	RebuildNativeTypeToScriptingClass (11ms)
	initialDomainReloadingComplete (39ms)
	LoadAllAssembliesAndSetupDomain (464ms)
		LoadAssemblies (247ms)
		RebuildTransferFunctionScriptingTraits (0ms)
		AnalyzeDomain (269ms)
			TypeCache.Refresh (252ms)
				TypeCache.ScanAssembly (241ms)
			ScanForSourceGeneratedMonoScriptInfo (14ms)
			ResolveRequiredComponents (4ms)
	FinalizeReload (562ms)
		ReleaseScriptCaches (0ms)
		RebuildScriptCaches (0ms)
		SetupLoadedEditorAssemblies (427ms)
			LogAssemblyErrors (0ms)
			InitializePlatformSupportModulesInManaged (7ms)
			SetLoadedEditorAssemblies (5ms)
			RefreshPlugins (0ms)
			BeforeProcessingInitializeOnLoad (57ms)
			ProcessInitializeOnLoadAttributes (335ms)
			ProcessInitializeOnLoadMethodAttributes (17ms)
			AfterProcessingInitializeOnLoad (6ms)
			EditorAssembliesLoaded (0ms)
		ExecutionOrderSort2 (0ms)
		AwakeInstancesAfterBackupRestoration (7ms)
Launched and connected shader compiler UnityShaderCompiler.exe after 0.05 seconds
Refreshing native plugins compatible for Editor in 3.74 ms, found 3 plugins.
Preloading 0 native plugins for Editor in 0.00 ms.
Unloading 3470 Unused Serialized files (Serialized files now loaded: 0)
Unloading 36 unused Assets / (97.9 KB). Loaded Objects now: 3941.
Memory consumption went from 134.4 MB to 134.3 MB.
Total: 4.372200 ms (FindLiveObjects: 0.427300 ms CreateObjectMapping: 0.084000 ms MarkObjects: 3.586100 ms  DeleteObjects: 0.273500 ms)

AssetImportParameters requested are different than current active one (requested -> active):
  custom:container-demuxer-ogg: 62fdf1f143b41e24485cea50d1cbac27 -> 
  custom:video-decoder-ogg-theora: a1e56fd34408186e4bbccfd4996cb3dc -> 
  custom:framework-win-MediaFoundation: 216162199b28c13a410421893ffa2e32 -> 
  custom:CustomObjectIndexerAttribute: 756ad292c208cfabdd7b50bc23989ffe -> 
  custom:container-demuxer-webm: 4f35f7cbe854078d1ac9338744f61a02 -> 
  custom:container-muxer-webm: aa71ff27fc2769a1b78a27578f13a17b -> 
  custom:video-decoder-webm-vp8: 9c59270c3fd7afecdb556c50c9e8de78 -> 
  custom:AudioImporter_EditorPlatform: d09bf68614088b80899f8185d706f6e7 -> 
  custom:video-encoder-webm-vp8: eb34c28f22e8b96e1ab97ce403110664 -> 
  custom:audio-decoder-ogg-vorbis: bf7c407c2cedff20999df2af8eb42d56 -> 
  custom:audio-encoder-webm-vorbis: bf7c407c2cedff20999df2af8eb42d56 -> 
========================================================================
Received Import Request.
  Time since last request: 512142.286743 seconds.
  path: Assets/Art/Props/Picture Frames/Picture Frame 02/3DArt_Props_PictureFrame_Model_Amanda_V1.fbx
  artifactKey: Guid(bcce93572bc6d3a40958a42a69f2cdbc) Importer(815301076,1909f56bfc062723c751e8b465ee728b)
Start importing Assets/Art/Props/Picture Frames/Picture Frame 02/3DArt_Props_PictureFrame_Model_Amanda_V1.fbx using Guid(bcce93572bc6d3a40958a42a69f2cdbc) Importer(815301076,1909f56bfc062723c751e8b465ee728b)  -> (artifact id: 'ae3ae5fdf11cd0ae32d42ba09903e9e6') in 0.145460 seconds
Number of updated asset objects reloaded before import = 0
Number of asset objects unloaded after import = 9
========================================================================
Received Import Request.
  Time since last request: 72.053712 seconds.
  path: Assets/Art/Props/Picture Frames/Ratthew.png
  artifactKey: Guid(ba439f118ec36a34cb43297e27b027ad) Importer(815301076,1909f56bfc062723c751e8b465ee728b)
Start importing Assets/Art/Props/Picture Frames/Ratthew.png using Guid(ba439f118ec36a34cb43297e27b027ad) Importer(815301076,1909f56bfc062723c751e8b465ee728b)  -> (artifact id: '663fc6fa6b1f3f7abbb0853e01b76510') in 0.014653 seconds
Number of updated asset objects reloaded before import = 0
Number of asset objects unloaded after import = 2
========================================================================
Received Import Request.
  Time since last request: 10.350922 seconds.
  path: Assets/Art/Props/Picture Frames/measelse.jpg
  artifactKey: Guid(5340f2aae2da2db418952fa91261e8d2) Importer(815301076,1909f56bfc062723c751e8b465ee728b)
Start importing Assets/Art/Props/Picture Frames/measelse.jpg using Guid(5340f2aae2da2db418952fa91261e8d2) Importer(815301076,1909f56bfc062723c751e8b465ee728b)  -> (artifact id: 'a0f10e4c45d15fb16ba71634ddbdf8ef') in 0.019842 seconds
Number of updated asset objects reloaded before import = 0
Number of asset objects unloaded after import = 2
========================================================================
Received Import Request.
  Time since last request: 84.071412 seconds.
  path: Assets/Art/Props/Picture Frames/sara's cat.jpg
  artifactKey: Guid(b1e8412028ff3724c99662a052225723) Importer(815301076,1909f56bfc062723c751e8b465ee728b)
Start importing Assets/Art/Props/Picture Frames/sara's cat.jpg using Guid(b1e8412028ff3724c99662a052225723) Importer(815301076,1909f56bfc062723c751e8b465ee728b)  -> (artifact id: '4cf827d7bca2c2b622cb2a8ced672d83') in 0.020400 seconds
Number of updated asset objects reloaded before import = 0
Number of asset objects unloaded after import = 2
========================================================================
Received Import Request.
  Time since last request: 14.017484 seconds.
  path: Assets/Art/Props/Picture Frames/image 1.png
  artifactKey: Guid(e88f4520f5d0c6946a62eb8d16f802db) Importer(815301076,1909f56bfc062723c751e8b465ee728b)
Start importing Assets/Art/Props/Picture Frames/image 1.png using Guid(e88f4520f5d0c6946a62eb8d16f802db) Importer(815301076,1909f56bfc062723c751e8b465ee728b)  -> (artifact id: '8351cea296b0a259f9519effc78796f7') in 0.017765 seconds
Number of updated asset objects reloaded before import = 0
Number of asset objects unloaded after import = 2
========================================================================
Received Import Request.
  Time since last request: 90.096568 seconds.
  path: Assets/Art/Props/Picture Frames/New Material.mat
  artifactKey: Guid(92b49a2a685c198459b838d3b03fe3f1) Importer(815301076,1909f56bfc062723c751e8b465ee728b)
Start importing Assets/Art/Props/Picture Frames/New Material.mat using Guid(92b49a2a685c198459b838d3b03fe3f1) Importer(815301076,1909f56bfc062723c751e8b465ee728b)  -> (artifact id: '69d3dd9a8de9012cee1e8dcfc0ffe337') in 0.019853 seconds
Number of updated asset objects reloaded before import = 0
Number of asset objects unloaded after import = 1
========================================================================
Received Import Request.
  Time since last request: 42.600345 seconds.
  path: Assets/Art/Props/Picture Frames/Ratthew.mat
  artifactKey: Guid(41c299719e1c1f0469a25521439460db) Importer(815301076,1909f56bfc062723c751e8b465ee728b)
Start importing Assets/Art/Props/Picture Frames/Ratthew.mat using Guid(41c299719e1c1f0469a25521439460db) Importer(815301076,1909f56bfc062723c751e8b465ee728b)  -> (artifact id: 'e4e4ac88d1e5bc8a8737fdc28c66e73b') in 0.009750 seconds
Number of updated asset objects reloaded before import = 0
Number of asset objects unloaded after import = 1
========================================================================
Received Import Request.
  Time since last request: 71.494725 seconds.
  path: Assets/Art/Props/Picture Frames/sara's cat.jpg
  artifactKey: Guid(b1e8412028ff3724c99662a052225723) Importer(815301076,1909f56bfc062723c751e8b465ee728b)
Start importing Assets/Art/Props/Picture Frames/sara's cat.jpg using Guid(b1e8412028ff3724c99662a052225723) Importer(815301076,1909f56bfc062723c751e8b465ee728b)  -> (artifact id: 'a5129bc579d86368d06cb5c16689c8f8') in 0.035577 seconds
Number of updated asset objects reloaded before import = 0
Number of asset objects unloaded after import = 3
========================================================================
Received Import Request.
  Time since last request: 146.574368 seconds.
  path: Assets/Art/Props/Picture Frames/measelse.jpg
  artifactKey: Guid(5340f2aae2da2db418952fa91261e8d2) Importer(815301076,1909f56bfc062723c751e8b465ee728b)
Start importing Assets/Art/Props/Picture Frames/measelse.jpg using Guid(5340f2aae2da2db418952fa91261e8d2) Importer(815301076,1909f56bfc062723c751e8b465ee728b)  -> (artifact id: 'ad44a2e51da52fedc94c3fecdda0b9db') in 0.020863 seconds
Number of updated asset objects reloaded before import = 0
Number of asset objects unloaded after import = 3
========================================================================
Received Import Request.
  Time since last request: 85.643594 seconds.
  path: Assets/Art/Props/Picture Frames/image 1.png
  artifactKey: Guid(e88f4520f5d0c6946a62eb8d16f802db) Importer(815301076,1909f56bfc062723c751e8b465ee728b)
Start importing Assets/Art/Props/Picture Frames/image 1.png using Guid(e88f4520f5d0c6946a62eb8d16f802db) Importer(815301076,1909f56bfc062723c751e8b465ee728b)  -> (artifact id: 'c03b58834dbe2d818e4d3e2300f36eb6') in 0.024681 seconds
Number of updated asset objects reloaded before import = 0
Number of asset objects unloaded after import = 3
========================================================================
Received Import Request.
  Time since last request: 94.991375 seconds.
  path: Assets/Art/Props/Picture Frames/Ratthew.png
  artifactKey: Guid(ba439f118ec36a34cb43297e27b027ad) Importer(815301076,1909f56bfc062723c751e8b465ee728b)
Start importing Assets/Art/Props/Picture Frames/Ratthew.png using Guid(ba439f118ec36a34cb43297e27b027ad) Importer(815301076,1909f56bfc062723c751e8b465ee728b)  -> (artifact id: '3c4609914efb726479f816ba3a77f0be') in 0.026407 seconds
Number of updated asset objects reloaded before import = 0
Number of asset objects unloaded after import = 3
========================================================================
Received Import Request.
  Time since last request: 47.203662 seconds.
  path: Assets/Art/Props/Crates (No Tarp) (Miguel & Amanda)/Crate V1
  artifactKey: Guid(bbc4b5358a1f8434f876ffc88e3f143f) Importer(815301076,1909f56bfc062723c751e8b465ee728b)
Start importing Assets/Art/Props/Crates (No Tarp) (Miguel & Amanda)/Crate V1 using Guid(bbc4b5358a1f8434f876ffc88e3f143f) Importer(815301076,1909f56bfc062723c751e8b465ee728b)  -> (artifact id: 'dda02e7a52b3c6cbb5b813b6ed037262') in 0.000586 seconds
Number of updated asset objects reloaded before import = 0
Number of asset objects unloaded after import = 0
========================================================================
Received Import Request.
  Time since last request: 0.084646 seconds.
  path: Assets/Art/Props/Crates (No Tarp) (Miguel & Amanda)/Crate V1/3DArt_Props_Crate_Amanda&Miguel_V01.fbx
  artifactKey: Guid(f644363b16783d4448887cd0ce5d197c) Importer(815301076,1909f56bfc062723c751e8b465ee728b)
Start importing Assets/Art/Props/Crates (No Tarp) (Miguel & Amanda)/Crate V1/3DArt_Props_Crate_Amanda&Miguel_V01.fbx using Guid(f644363b16783d4448887cd0ce5d197c) Importer(815301076,1909f56bfc062723c751e8b465ee728b)  -> (artifact id: '7d8ba92af6dacfe8511841b5f50b143e') in 0.024050 seconds
Number of updated asset objects reloaded before import = 0
Number of asset objects unloaded after import = 7
========================================================================
Received Import Request.
  Time since last request: 0.000019 seconds.
  path: Assets/Art/Props/Crates (No Tarp) (Miguel & Amanda)/Crate V1/crate_lp_Box002_BaseMap.png
  artifactKey: Guid(fc3eef40e1861b94ba18fe762c5775e7) Importer(815301076,1909f56bfc062723c751e8b465ee728b)
Start importing Assets/Art/Props/Crates (No Tarp) (Miguel & Amanda)/Crate V1/crate_lp_Box002_BaseMap.png using Guid(fc3eef40e1861b94ba18fe762c5775e7) Importer(815301076,1909f56bfc062723c751e8b465ee728b)  -> (artifact id: 'bc5e1f8a13bd41b8dffe06d49a97c875') in 0.019759 seconds
Number of updated asset objects reloaded before import = 0
Number of asset objects unloaded after import = 2
========================================================================
Received Import Request.
  Time since last request: 0.000020 seconds.
  path: Assets/Art/Props/Crates (No Tarp) (Miguel & Amanda)/Crate V1/crate_lp_Box002_Normal.png
  artifactKey: Guid(81bcae7590d366c49ad17e4cfa1e9c4a) Importer(815301076,1909f56bfc062723c751e8b465ee728b)
Start importing Assets/Art/Props/Crates (No Tarp) (Miguel & Amanda)/Crate V1/crate_lp_Box002_Normal.png using Guid(81bcae7590d366c49ad17e4cfa1e9c4a) Importer(815301076,1909f56bfc062723c751e8b465ee728b)  -> (artifact id: '75de72962ceee5fb93cc7accd6fdc906') in 0.027109 seconds
Number of updated asset objects reloaded before import = 0
Number of asset objects unloaded after import = 2
Editor requested this worker to shutdown with reason: Scaling down because of idle timeout
TcpMessagingSession - receive error: operation aborted. errorcode: 995, details: The I/O operation has been aborted because of either a thread exit or an application request.
AssetImportWorker is now disconnected from the server
Process exiting
Exiting without the bug reporter. Application will terminate with return code 0