Using pre-set license
Built from '2022.3/staging' branch; Version is '2022.3.4f1 (35713cd46cd7) revision 3502396'; Using compiler version '192829333'; Build Type 'Release'
OS: 'Windows 11  (10.0.26100) 64bit Core' Language: 'en' Physical Memory: 65463 MB
BatchMode: 1, IsHumanControllingUs: 0, StartBugReporterOnCrash: 0, Is64bit: 1, IsPro: 1

COMMAND LINE ARGUMENTS:
C:\Program Files\Unity\Hub\Editor\2022.3.4f1\Editor\Unity.exe
-adb2
-batchMode
-noUpm
-name
AssetImportWorker18
-projectPath
C:/Users/Sara/Documents/GitHub/LevelDesign/DoorPuzzleUnity
-logFile
Logs/AssetImportWorker18.log
-srvPort
62018
Successfully changed project path to: C:/Users/Sara/Documents/GitHub/LevelDesign/DoorPuzzleUnity
C:/Users/Sara/Documents/GitHub/LevelDesign/DoorPuzzleUnity
[UnityMemory] Configuration Parameters - Can be set up in boot.config
    "memorysetup-bucket-allocator-granularity=16"
    "memorysetup-bucket-allocator-bucket-count=8"
    "memorysetup-bucket-allocator-block-size=33554432"
    "memorysetup-bucket-allocator-block-count=8"
    "memorysetup-main-allocator-block-size=16777216"
    "memorysetup-thread-allocator-block-size=16777216"
    "memorysetup-gfx-main-allocator-block-size=16777216"
    "memorysetup-gfx-thread-allocator-block-size=16777216"
    "memorysetup-cache-allocator-block-size=4194304"
    "memorysetup-typetree-allocator-block-size=2097152"
    "memorysetup-profiler-bucket-allocator-granularity=16"
    "memorysetup-profiler-bucket-allocator-bucket-count=8"
    "memorysetup-profiler-bucket-allocator-block-size=33554432"
    "memorysetup-profiler-bucket-allocator-block-count=8"
    "memorysetup-profiler-allocator-block-size=16777216"
    "memorysetup-profiler-editor-allocator-block-size=1048576"
    "memorysetup-temp-allocator-size-main=16777216"
    "memorysetup-job-temp-allocator-block-size=2097152"
    "memorysetup-job-temp-allocator-block-size-background=1048576"
    "memorysetup-job-temp-allocator-reduction-small-platforms=262144"
    "memorysetup-allocator-temp-initial-block-size-main=262144"
    "memorysetup-allocator-temp-initial-block-size-worker=262144"
    "memorysetup-temp-allocator-size-background-worker=32768"
    "memorysetup-temp-allocator-size-job-worker=262144"
    "memorysetup-temp-allocator-size-preload-manager=33554432"
    "memorysetup-temp-allocator-size-nav-mesh-worker=65536"
    "memorysetup-temp-allocator-size-audio-worker=65536"
    "memorysetup-temp-allocator-size-cloud-worker=32768"
    "memorysetup-temp-allocator-size-gi-baking-worker=262144"
    "memorysetup-temp-allocator-size-gfx=262144"
Player connection [26904] Host "[IP] 192.168.2.10 [Port] 0 [Flags] 2 [Guid] 2931274457 [EditorId] 2931274457 [Version] 1048832 [Id] WindowsEditor(7,DESKTOP-B3QK9UJ) [Debug] 1 [PackageName] WindowsEditor [ProjectName] Editor" joined multi-casting on [225.0.0.222:54997]...

Player connection [26904] Host "[IP] 192.168.2.10 [Port] 0 [Flags] 2 [Guid] 2931274457 [EditorId] 2931274457 [Version] 1048832 [Id] WindowsEditor(7,DESKTOP-B3QK9UJ) [Debug] 1 [PackageName] WindowsEditor [ProjectName] Editor" joined alternative multi-casting on [225.0.0.222:34997]...

Refreshing native plugins compatible for Editor in 7.37 ms, found 3 plugins.
Preloading 0 native plugins for Editor in 0.00 ms.
Initialize engine version: 2022.3.4f1 (35713cd46cd7)
[Subsystems] Discovering subsystems at path C:/Program Files/Unity/Hub/Editor/2022.3.4f1/Editor/Data/Resources/UnitySubsystems
[Subsystems] Discovering subsystems at path C:/Users/Sara/Documents/GitHub/LevelDesign/DoorPuzzleUnity/Assets
GfxDevice: creating device client; threaded=0; jobified=0
Direct3D:
    Version:  Direct3D 11.0 [level 11.1]
    Renderer: NVIDIA GeForce RTX 3080 Ti (ID=0x2208)
    Vendor:   NVIDIA
    VRAM:     12086 MB
    Driver:   32.0.15.6094
Initialize mono
Mono path[0] = 'C:/Program Files/Unity/Hub/Editor/2022.3.4f1/Editor/Data/Managed'
Mono path[1] = 'C:/Program Files/Unity/Hub/Editor/2022.3.4f1/Editor/Data/MonoBleedingEdge/lib/mono/unityjit-win32'
Mono config path = 'C:/Program Files/Unity/Hub/Editor/2022.3.4f1/Editor/Data/MonoBleedingEdge/etc'
Using monoOptions --debugger-agent=transport=dt_socket,embedding=1,server=y,suspend=n,address=127.0.0.1:56692
Begin MonoManager ReloadAssembly
Registering precompiled unity dll's ...
Register platform support module: C:/Program Files/Unity/Hub/Editor/2022.3.4f1/Editor/Data/PlaybackEngines/WebGLSupport/UnityEditor.WebGL.Extensions.dll
Register platform support module: C:/Program Files/Unity/Hub/Editor/2022.3.4f1/Editor/Data/PlaybackEngines/WindowsStandaloneSupport/UnityEditor.WindowsStandalone.Extensions.dll
Registered in 0.007920 seconds.
- Loaded All Assemblies, in  0.309 seconds
Native extension for WindowsStandalone target not found
Native extension for WebGL target not found
Mono: successfully reloaded assembly
- Finished resetting the current domain, in  0.232 seconds
Domain Reload Profiling: 540ms
	BeginReloadAssembly (77ms)
		ExecutionOrderSort (0ms)
		DisableScriptedObjects (0ms)
		BackupInstance (0ms)
		ReleaseScriptingObjects (0ms)
		CreateAndSetChildDomain (1ms)
	RebuildCommonClasses (32ms)
	RebuildNativeTypeToScriptingClass (11ms)
	initialDomainReloadingComplete (54ms)
	LoadAllAssembliesAndSetupDomain (133ms)
		LoadAssemblies (76ms)
		RebuildTransferFunctionScriptingTraits (0ms)
		AnalyzeDomain (126ms)
			TypeCache.Refresh (125ms)
				TypeCache.ScanAssembly (115ms)
			ScanForSourceGeneratedMonoScriptInfo (0ms)
			ResolveRequiredComponents (0ms)
	FinalizeReload (232ms)
		ReleaseScriptCaches (0ms)
		RebuildScriptCaches (0ms)
		SetupLoadedEditorAssemblies (180ms)
			LogAssemblyErrors (0ms)
			InitializePlatformSupportModulesInManaged (9ms)
			SetLoadedEditorAssemblies (4ms)
			RefreshPlugins (0ms)
			BeforeProcessingInitializeOnLoad (2ms)
			ProcessInitializeOnLoadAttributes (123ms)
			ProcessInitializeOnLoadMethodAttributes (42ms)
			AfterProcessingInitializeOnLoad (0ms)
			EditorAssembliesLoaded (0ms)
		ExecutionOrderSort2 (0ms)
		AwakeInstancesAfterBackupRestoration (0ms)
========================================================================
Worker process is ready to serve import requests
Begin MonoManager ReloadAssembly
Symbol file LoadedFromMemory doesn't match image C:\Users\Sara\Documents\GitHub\LevelDesign\DoorPuzzleUnity\Library\PackageCache\com.unity.visualscripting@1.8.0\Editor\VisualScripting.Core\Dependencies\YamlDotNet\Unity.VisualScripting.YamlDotNet.dll
Symbol file LoadedFromMemory doesn't match image C:\Users\Sara\Documents\GitHub\LevelDesign\DoorPuzzleUnity\Library\PackageCache\com.unity.visualscripting@1.8.0\Editor\VisualScripting.Core\Dependencies\DotNetZip\Unity.VisualScripting.IonicZip.dll
- Loaded All Assemblies, in  0.705 seconds
Refreshing native plugins compatible for Editor in 3.00 ms, found 3 plugins.
Native extension for WindowsStandalone target not found
Native extension for WebGL target not found
Package Manager log level set to [2]
[Package Manager] Server::EnsureServerProcessIsRunning -- launch failed, reason: Unity was launched with the -noUpm command-line argument
[Package Manager] UpmClient::Send -- Unable to send message (not connected to UPM process).
[Package Manager] Cannot connect to Unity Package Manager local server
Mono: successfully reloaded assembly
- Finished resetting the current domain, in  0.616 seconds
Domain Reload Profiling: 1319ms
	BeginReloadAssembly (134ms)
		ExecutionOrderSort (0ms)
		DisableScriptedObjects (6ms)
		BackupInstance (0ms)
		ReleaseScriptingObjects (0ms)
		CreateAndSetChildDomain (23ms)
	RebuildCommonClasses (34ms)
	RebuildNativeTypeToScriptingClass (10ms)
	initialDomainReloadingComplete (42ms)
	LoadAllAssembliesAndSetupDomain (483ms)
		LoadAssemblies (247ms)
		RebuildTransferFunctionScriptingTraits (0ms)
		AnalyzeDomain (301ms)
			TypeCache.Refresh (282ms)
				TypeCache.ScanAssembly (271ms)
			ScanForSourceGeneratedMonoScriptInfo (15ms)
			ResolveRequiredComponents (4ms)
	FinalizeReload (617ms)
		ReleaseScriptCaches (0ms)
		RebuildScriptCaches (0ms)
		SetupLoadedEditorAssemblies (476ms)
			LogAssemblyErrors (0ms)
			InitializePlatformSupportModulesInManaged (6ms)
			SetLoadedEditorAssemblies (3ms)
			RefreshPlugins (0ms)
			BeforeProcessingInitializeOnLoad (57ms)
			ProcessInitializeOnLoadAttributes (387ms)
			ProcessInitializeOnLoadMethodAttributes (16ms)
			AfterProcessingInitializeOnLoad (7ms)
			EditorAssembliesLoaded (0ms)
		ExecutionOrderSort2 (0ms)
		AwakeInstancesAfterBackupRestoration (8ms)
Launched and connected shader compiler UnityShaderCompiler.exe after 0.05 seconds
Refreshing native plugins compatible for Editor in 2.88 ms, found 3 plugins.
Preloading 0 native plugins for Editor in 0.00 ms.
Unloading 3470 Unused Serialized files (Serialized files now loaded: 0)
Unloading 36 unused Assets / (114.3 KB). Loaded Objects now: 3941.
Memory consumption went from 134.3 MB to 134.2 MB.
Total: 3.483800 ms (FindLiveObjects: 0.346900 ms CreateObjectMapping: 0.093200 ms MarkObjects: 2.873700 ms  DeleteObjects: 0.168900 ms)

AssetImportParameters requested are different than current active one (requested -> active):
  custom:container-demuxer-ogg: 62fdf1f143b41e24485cea50d1cbac27 -> 
  custom:video-decoder-ogg-theora: a1e56fd34408186e4bbccfd4996cb3dc -> 
  custom:framework-win-MediaFoundation: 216162199b28c13a410421893ffa2e32 -> 
  custom:CustomObjectIndexerAttribute: 756ad292c208cfabdd7b50bc23989ffe -> 
  custom:container-demuxer-webm: 4f35f7cbe854078d1ac9338744f61a02 -> 
  custom:container-muxer-webm: aa71ff27fc2769a1b78a27578f13a17b -> 
  custom:video-decoder-webm-vp8: 9c59270c3fd7afecdb556c50c9e8de78 -> 
  custom:AudioImporter_EditorPlatform: d09bf68614088b80899f8185d706f6e7 -> 
  custom:video-encoder-webm-vp8: eb34c28f22e8b96e1ab97ce403110664 -> 
  custom:audio-decoder-ogg-vorbis: bf7c407c2cedff20999df2af8eb42d56 -> 
  custom:audio-encoder-webm-vorbis: bf7c407c2cedff20999df2af8eb42d56 -> 
========================================================================
Received Import Request.
  Time since last request: 512111.457104 seconds.
  path: Assets/Art/Props/Picture Frames/Picture Frame 04/3DArt_Props_PictureFrame_Model_Amanda_04.png
  artifactKey: Guid(803e544ee13d73b449168fd78b2f8d46) Importer(815301076,1909f56bfc062723c751e8b465ee728b)
Start importing Assets/Art/Props/Picture Frames/Picture Frame 04/3DArt_Props_PictureFrame_Model_Amanda_04.png using Guid(803e544ee13d73b449168fd78b2f8d46) Importer(815301076,1909f56bfc062723c751e8b465ee728b)  -> (artifact id: 'f62ca4b3b5942a1b26813facdc02c8c9') in 0.064828 seconds
Number of updated asset objects reloaded before import = 0
Number of asset objects unloaded after import = 2
========================================================================
Received Import Request.
  Time since last request: 0.000028 seconds.
  path: Assets/Art/Props/Picture Frames/Picture Frame 04/PictureFrame_05_Material _26_Normal.png
  artifactKey: Guid(da51f154c116442478fddf0b97c6842f) Importer(815301076,1909f56bfc062723c751e8b465ee728b)
Start importing Assets/Art/Props/Picture Frames/Picture Frame 04/PictureFrame_05_Material _26_Normal.png using Guid(da51f154c116442478fddf0b97c6842f) Importer(815301076,1909f56bfc062723c751e8b465ee728b)  -> (artifact id: 'cd30159420334ad8c77c67a026a7917f') in 0.020980 seconds
Number of updated asset objects reloaded before import = 0
Number of asset objects unloaded after import = 2
========================================================================
Received Import Request.
  Time since last request: 2.253169 seconds.
  path: Assets/Art/Props/Picture Frames/Picture Frame 03/3DArt_Props_PictureFrame_Model_Amanda_V3.png
  artifactKey: Guid(25e15a9940f01de479f8cabca8ddabd6) Importer(815301076,1909f56bfc062723c751e8b465ee728b)
Start importing Assets/Art/Props/Picture Frames/Picture Frame 03/3DArt_Props_PictureFrame_Model_Amanda_V3.png using Guid(25e15a9940f01de479f8cabca8ddabd6) Importer(815301076,1909f56bfc062723c751e8b465ee728b)  -> (artifact id: '805bcca3be840721fe3d7a505d9bf03c') in 0.016786 seconds
Number of updated asset objects reloaded before import = 0
Number of asset objects unloaded after import = 2
========================================================================
Received Import Request.
  Time since last request: 0.000029 seconds.
  path: Assets/Art/Props/Picture Frames/Picture Frame 03/PictureFrame_03_DefaultMaterial_MaskMap.png
  artifactKey: Guid(b408b552e248c7f4ebe839f74471990d) Importer(815301076,1909f56bfc062723c751e8b465ee728b)
Start importing Assets/Art/Props/Picture Frames/Picture Frame 03/PictureFrame_03_DefaultMaterial_MaskMap.png using Guid(b408b552e248c7f4ebe839f74471990d) Importer(815301076,1909f56bfc062723c751e8b465ee728b)  -> (artifact id: 'cb81d5ffbd13e964e0eeb2438e2d7334') in 0.028149 seconds
Number of updated asset objects reloaded before import = 0
Number of asset objects unloaded after import = 2
========================================================================
Received Import Request.
  Time since last request: 28.441546 seconds.
  path: Assets/Art/Props/Picture Frames/Picture Frame 02/PictureFrame_01_DefaultMaterial_BaseMap.png
  artifactKey: Guid(b5d9b4bcf28c12142b2608da4cd33c8f) Importer(815301076,1909f56bfc062723c751e8b465ee728b)
Start importing Assets/Art/Props/Picture Frames/Picture Frame 02/PictureFrame_01_DefaultMaterial_BaseMap.png using Guid(b5d9b4bcf28c12142b2608da4cd33c8f) Importer(815301076,1909f56bfc062723c751e8b465ee728b)  -> (artifact id: 'd7dec6a273cecd78ea81acde4beff8e6') in 0.022480 seconds
Number of updated asset objects reloaded before import = 0
Number of asset objects unloaded after import = 2
========================================================================
Received Import Request.
  Time since last request: 0.000022 seconds.
  path: Assets/Art/Props/Picture Frames/Picture Frame 02/PictureFrame_01_DefaultMaterial_MaskMap.png
  artifactKey: Guid(9655d06da72771f4c84c56e15b24b985) Importer(815301076,1909f56bfc062723c751e8b465ee728b)
Start importing Assets/Art/Props/Picture Frames/Picture Frame 02/PictureFrame_01_DefaultMaterial_MaskMap.png using Guid(9655d06da72771f4c84c56e15b24b985) Importer(815301076,1909f56bfc062723c751e8b465ee728b)  -> (artifact id: '79e2ea8415996ebccec3865b5cae9116') in 0.021017 seconds
Number of updated asset objects reloaded before import = 0
Number of asset objects unloaded after import = 2
========================================================================
Received Import Request.
  Time since last request: 759.506367 seconds.
  path: Assets/Art/Props/Crates (No Tarp) (Miguel & Amanda)/Crate V1/3DArt_Props_Crate_Amanda&Miguel_V01.png
  artifactKey: Guid(a69fce3e0c415d249907a03e34514abf) Importer(815301076,1909f56bfc062723c751e8b465ee728b)
Start importing Assets/Art/Props/Crates (No Tarp) (Miguel & Amanda)/Crate V1/3DArt_Props_Crate_Amanda&Miguel_V01.png using Guid(a69fce3e0c415d249907a03e34514abf) Importer(815301076,1909f56bfc062723c751e8b465ee728b)  -> (artifact id: 'bd7923a6347e0142d56969523923276f') in 0.020810 seconds
Number of updated asset objects reloaded before import = 0
Number of asset objects unloaded after import = 2
========================================================================
Received Import Request.
  Time since last request: 0.000023 seconds.
  path: Assets/Art/Props/Crates (No Tarp) (Miguel & Amanda)/Crate V1/crate_lp_Box002_MaskMap.png
  artifactKey: Guid(2e23733662edc0c41aeffbf3a2eb039d) Importer(815301076,1909f56bfc062723c751e8b465ee728b)
Start importing Assets/Art/Props/Crates (No Tarp) (Miguel & Amanda)/Crate V1/crate_lp_Box002_MaskMap.png using Guid(2e23733662edc0c41aeffbf3a2eb039d) Importer(815301076,1909f56bfc062723c751e8b465ee728b)  -> (artifact id: 'f754a38e0de560b2dcc3ad50b4bc887a') in 0.022671 seconds
Number of updated asset objects reloaded before import = 0
Number of asset objects unloaded after import = 2
========================================================================
Received Import Request.
  Time since last request: 0.000019 seconds.
  path: Assets/Art/Props/Crates (No Tarp) (Miguel & Amanda)/Crate V1/Mat_Crate1.mat
  artifactKey: Guid(4a9635c7d2756ff4ca5662705208ffa8) Importer(815301076,1909f56bfc062723c751e8b465ee728b)
Start importing Assets/Art/Props/Crates (No Tarp) (Miguel & Amanda)/Crate V1/Mat_Crate1.mat using Guid(4a9635c7d2756ff4ca5662705208ffa8) Importer(815301076,1909f56bfc062723c751e8b465ee728b)  -> (artifact id: 'd66e5d7479464a99e3f6bbd9a3d1d1e1') in 0.072021 seconds
Number of updated asset objects reloaded before import = 0
Number of asset objects unloaded after import = 4
========================================================================
Received Import Request.
  Time since last request: 80.906593 seconds.
  path: Assets/Art/Props/Carpet/Extras (Ripple)/CarpetSquareRipple/3DModel_CarpeSquareeRipple_Model_AmandaMottola_V1.fbx
  artifactKey: Guid(c73df0b744669344daa2ef08a229ea37) Importer(815301076,1909f56bfc062723c751e8b465ee728b)
Start importing Assets/Art/Props/Carpet/Extras (Ripple)/CarpetSquareRipple/3DModel_CarpeSquareeRipple_Model_AmandaMottola_V1.fbx using Guid(c73df0b744669344daa2ef08a229ea37) Importer(815301076,1909f56bfc062723c751e8b465ee728b)  -> (artifact id: '437e5d579d45aa35d2719fae7b4ef22e') in 0.061974 seconds
Number of updated asset objects reloaded before import = 0
Number of asset objects unloaded after import = 7
========================================================================
Received Import Request.
  Time since last request: 0.000033 seconds.
  path: Assets/Art/Props/Carpet/Extras (Ripple)/CarpetSquareRipple/3DModel_CarpeSquareeRipple_Model_AmandaMottola_V1_DefaultMaterial_Normal.png
  artifactKey: Guid(cbca3676a8416f940a1466cbdcfc3156) Importer(815301076,1909f56bfc062723c751e8b465ee728b)
Start importing Assets/Art/Props/Carpet/Extras (Ripple)/CarpetSquareRipple/3DModel_CarpeSquareeRipple_Model_AmandaMottola_V1_DefaultMaterial_Normal.png using Guid(cbca3676a8416f940a1466cbdcfc3156) Importer(815301076,1909f56bfc062723c751e8b465ee728b)  -> (artifact id: '7db7bff4bd72b6d76ec9541facaa7a70') in 0.023837 seconds
Number of updated asset objects reloaded before import = 0
Number of asset objects unloaded after import = 2
========================================================================
Received Import Request.
  Time since last request: 0.000036 seconds.
  path: Assets/Art/Props/Carpet/Extras (Ripple)/CarpetSquareRipple/Mat_CarpetExtra4.mat
  artifactKey: Guid(48b05fddac275374390094e7f43c769a) Importer(815301076,1909f56bfc062723c751e8b465ee728b)
Start importing Assets/Art/Props/Carpet/Extras (Ripple)/CarpetSquareRipple/Mat_CarpetExtra4.mat using Guid(48b05fddac275374390094e7f43c769a) Importer(815301076,1909f56bfc062723c751e8b465ee728b)  -> (artifact id: 'b0764ea2f164d98c8e2b0c3bdff471c6') in 0.020493 seconds
Number of updated asset objects reloaded before import = 0
Number of asset objects unloaded after import = 4
========================================================================
Received Import Request.
  Time since last request: 43.350366 seconds.
  path: Assets/Art/Props/Carpet/Carpet V5 (Runner)/T2/3DArt_Props_Carpet_Model_Amanda_V5_DefaultMaterial_Normal.png
  artifactKey: Guid(a47caa7215cf32d419bed3bc2604cf31) Importer(815301076,1909f56bfc062723c751e8b465ee728b)
Start importing Assets/Art/Props/Carpet/Carpet V5 (Runner)/T2/3DArt_Props_Carpet_Model_Amanda_V5_DefaultMaterial_Normal.png using Guid(a47caa7215cf32d419bed3bc2604cf31) Importer(815301076,1909f56bfc062723c751e8b465ee728b)  -> (artifact id: 'd47c5e5b8cd26533b063b00c012da47c') in 0.021468 seconds
Number of updated asset objects reloaded before import = 0
Number of asset objects unloaded after import = 2
========================================================================
Received Import Request.
  Time since last request: 12.304411 seconds.
  path: Assets/Art/Props/Carpet/Carpet V5 (Runner)/T1/3DArt_Props_Carpet_Model_Amanda_V5_DefaultMaterial_Normal.png
  artifactKey: Guid(abca66a1be9081a489633de7ab090687) Importer(815301076,1909f56bfc062723c751e8b465ee728b)
Start importing Assets/Art/Props/Carpet/Carpet V5 (Runner)/T1/3DArt_Props_Carpet_Model_Amanda_V5_DefaultMaterial_Normal.png using Guid(abca66a1be9081a489633de7ab090687) Importer(815301076,1909f56bfc062723c751e8b465ee728b)  -> (artifact id: 'a5ba55ffd9f549cbc99aa044d9af7cbd') in 0.011257 seconds
Number of updated asset objects reloaded before import = 0
Number of asset objects unloaded after import = 2
========================================================================
Received Import Request.
  Time since last request: 45.916213 seconds.
  path: Assets/Art/Props/Carpet/Carpet V1 (Rectangular)/T1/3DArt_Props_Carpet_Amanda_V1_DefaultMaterial_Normal.png
  artifactKey: Guid(64e5b1295da08ef4990bbca17eef127c) Importer(815301076,1909f56bfc062723c751e8b465ee728b)
Start importing Assets/Art/Props/Carpet/Carpet V1 (Rectangular)/T1/3DArt_Props_Carpet_Amanda_V1_DefaultMaterial_Normal.png using Guid(64e5b1295da08ef4990bbca17eef127c) Importer(815301076,1909f56bfc062723c751e8b465ee728b)  -> (artifact id: '8230a342b36fc5a2df9fecfe61f2c882') in 0.022834 seconds
Number of updated asset objects reloaded before import = 0
Number of asset objects unloaded after import = 2
========================================================================
Received Import Request.
  Time since last request: 51.134699 seconds.
  path: Assets/Art/Props/Carpet/Carpet V2 (Square)/T3/3DArt_Props_Carpet_Amanda_V2_DefaultMaterial_Normal.png
  artifactKey: Guid(97ffad19593f6fa41ab4db83a55c9133) Importer(815301076,1909f56bfc062723c751e8b465ee728b)
Start importing Assets/Art/Props/Carpet/Carpet V2 (Square)/T3/3DArt_Props_Carpet_Amanda_V2_DefaultMaterial_Normal.png using Guid(97ffad19593f6fa41ab4db83a55c9133) Importer(815301076,1909f56bfc062723c751e8b465ee728b)  -> (artifact id: 'e95fb5e7caf55e6b05a31bb2cd87873f') in 0.018399 seconds
Number of updated asset objects reloaded before import = 0
Number of asset objects unloaded after import = 2
========================================================================
Received Import Request.
  Time since last request: 0.000023 seconds.
  path: Assets/Art/Props/Carpet/Carpet V2 (Square)/T3/Mat_CarpetSquare3.mat
  artifactKey: Guid(563b4df343604e0429555bbda22d5ba5) Importer(815301076,1909f56bfc062723c751e8b465ee728b)
Start importing Assets/Art/Props/Carpet/Carpet V2 (Square)/T3/Mat_CarpetSquare3.mat using Guid(563b4df343604e0429555bbda22d5ba5) Importer(815301076,1909f56bfc062723c751e8b465ee728b)  -> (artifact id: 'd59ccc0f1e64e4aba7c037252e2890f6') in 0.019130 seconds
Number of updated asset objects reloaded before import = 0
Number of asset objects unloaded after import = 4
Editor requested this worker to shutdown with reason: Scaling down because of idle timeout
TcpMessagingSession - receive error: operation aborted. errorcode: 995, details: The I/O operation has been aborted because of either a thread exit or an application request.
AssetImportWorker is now disconnected from the server
Process exiting
Exiting without the bug reporter. Application will terminate with return code 0