Using pre-set license
Built from '2022.3/staging' branch; Version is '2022.3.4f1 (35713cd46cd7) revision 3502396'; Using compiler version '192829333'; Build Type 'Release'
OS: 'Windows 11  (10.0.26100) 64bit Core' Language: 'en' Physical Memory: 65463 MB
BatchMode: 1, IsHumanControllingUs: 0, StartBugReporterOnCrash: 0, Is64bit: 1, IsPro: 1

COMMAND LINE ARGUMENTS:
C:\Program Files\Unity\Hub\Editor\2022.3.4f1\Editor\Unity.exe
-adb2
-batchMode
-noUpm
-name
AssetImportWorker15
-projectPath
C:/Users/Sara/Documents/GitHub/LevelDesign/DoorPuzzleUnity
-logFile
Logs/AssetImportWorker15.log
-srvPort
62018
Successfully changed project path to: C:/Users/Sara/Documents/GitHub/LevelDesign/DoorPuzzleUnity
C:/Users/Sara/Documents/GitHub/LevelDesign/DoorPuzzleUnity
[UnityMemory] Configuration Parameters - Can be set up in boot.config
    "memorysetup-bucket-allocator-granularity=16"
    "memorysetup-bucket-allocator-bucket-count=8"
    "memorysetup-bucket-allocator-block-size=33554432"
    "memorysetup-bucket-allocator-block-count=8"
    "memorysetup-main-allocator-block-size=16777216"
    "memorysetup-thread-allocator-block-size=16777216"
    "memorysetup-gfx-main-allocator-block-size=16777216"
    "memorysetup-gfx-thread-allocator-block-size=16777216"
    "memorysetup-cache-allocator-block-size=4194304"
    "memorysetup-typetree-allocator-block-size=2097152"
    "memorysetup-profiler-bucket-allocator-granularity=16"
    "memorysetup-profiler-bucket-allocator-bucket-count=8"
    "memorysetup-profiler-bucket-allocator-block-size=33554432"
    "memorysetup-profiler-bucket-allocator-block-count=8"
    "memorysetup-profiler-allocator-block-size=16777216"
    "memorysetup-profiler-editor-allocator-block-size=1048576"
    "memorysetup-temp-allocator-size-main=16777216"
    "memorysetup-job-temp-allocator-block-size=2097152"
    "memorysetup-job-temp-allocator-block-size-background=1048576"
    "memorysetup-job-temp-allocator-reduction-small-platforms=262144"
    "memorysetup-allocator-temp-initial-block-size-main=262144"
    "memorysetup-allocator-temp-initial-block-size-worker=262144"
    "memorysetup-temp-allocator-size-background-worker=32768"
    "memorysetup-temp-allocator-size-job-worker=262144"
    "memorysetup-temp-allocator-size-preload-manager=33554432"
    "memorysetup-temp-allocator-size-nav-mesh-worker=65536"
    "memorysetup-temp-allocator-size-audio-worker=65536"
    "memorysetup-temp-allocator-size-cloud-worker=32768"
    "memorysetup-temp-allocator-size-gi-baking-worker=262144"
    "memorysetup-temp-allocator-size-gfx=262144"
Player connection [28996] Host "[IP] 192.168.2.10 [Port] 0 [Flags] 2 [Guid] 240802629 [EditorId] 240802629 [Version] 1048832 [Id] WindowsEditor(7,DESKTOP-B3QK9UJ) [Debug] 1 [PackageName] WindowsEditor [ProjectName] Editor" joined multi-casting on [225.0.0.222:54997]...

Player connection [28996] Host "[IP] 192.168.2.10 [Port] 0 [Flags] 2 [Guid] 240802629 [EditorId] 240802629 [Version] 1048832 [Id] WindowsEditor(7,DESKTOP-B3QK9UJ) [Debug] 1 [PackageName] WindowsEditor [ProjectName] Editor" joined alternative multi-casting on [225.0.0.222:34997]...

Refreshing native plugins compatible for Editor in 8.05 ms, found 3 plugins.
Preloading 0 native plugins for Editor in 0.00 ms.
Initialize engine version: 2022.3.4f1 (35713cd46cd7)
[Subsystems] Discovering subsystems at path C:/Program Files/Unity/Hub/Editor/2022.3.4f1/Editor/Data/Resources/UnitySubsystems
[Subsystems] Discovering subsystems at path C:/Users/Sara/Documents/GitHub/LevelDesign/DoorPuzzleUnity/Assets
GfxDevice: creating device client; threaded=0; jobified=0
Direct3D:
    Version:  Direct3D 11.0 [level 11.1]
    Renderer: NVIDIA GeForce RTX 3080 Ti (ID=0x2208)
    Vendor:   NVIDIA
    VRAM:     12086 MB
    Driver:   32.0.15.6094
Initialize mono
Mono path[0] = 'C:/Program Files/Unity/Hub/Editor/2022.3.4f1/Editor/Data/Managed'
Mono path[1] = 'C:/Program Files/Unity/Hub/Editor/2022.3.4f1/Editor/Data/MonoBleedingEdge/lib/mono/unityjit-win32'
Mono config path = 'C:/Program Files/Unity/Hub/Editor/2022.3.4f1/Editor/Data/MonoBleedingEdge/etc'
Using monoOptions --debugger-agent=transport=dt_socket,embedding=1,server=y,suspend=n,address=127.0.0.1:56968
Begin MonoManager ReloadAssembly
Registering precompiled unity dll's ...
Register platform support module: C:/Program Files/Unity/Hub/Editor/2022.3.4f1/Editor/Data/PlaybackEngines/WebGLSupport/UnityEditor.WebGL.Extensions.dll
Register platform support module: C:/Program Files/Unity/Hub/Editor/2022.3.4f1/Editor/Data/PlaybackEngines/WindowsStandaloneSupport/UnityEditor.WindowsStandalone.Extensions.dll
Registered in 0.007276 seconds.
- Loaded All Assemblies, in  0.311 seconds
Native extension for WindowsStandalone target not found
Native extension for WebGL target not found
Mono: successfully reloaded assembly
- Finished resetting the current domain, in  0.244 seconds
Domain Reload Profiling: 554ms
	BeginReloadAssembly (76ms)
		ExecutionOrderSort (0ms)
		DisableScriptedObjects (0ms)
		BackupInstance (0ms)
		ReleaseScriptingObjects (0ms)
		CreateAndSetChildDomain (1ms)
	RebuildCommonClasses (32ms)
	RebuildNativeTypeToScriptingClass (10ms)
	initialDomainReloadingComplete (54ms)
	LoadAllAssembliesAndSetupDomain (136ms)
		LoadAssemblies (75ms)
		RebuildTransferFunctionScriptingTraits (0ms)
		AnalyzeDomain (130ms)
			TypeCache.Refresh (129ms)
				TypeCache.ScanAssembly (118ms)
			ScanForSourceGeneratedMonoScriptInfo (0ms)
			ResolveRequiredComponents (1ms)
	FinalizeReload (244ms)
		ReleaseScriptCaches (0ms)
		RebuildScriptCaches (0ms)
		SetupLoadedEditorAssemblies (189ms)
			LogAssemblyErrors (0ms)
			InitializePlatformSupportModulesInManaged (9ms)
			SetLoadedEditorAssemblies (5ms)
			RefreshPlugins (0ms)
			BeforeProcessingInitializeOnLoad (2ms)
			ProcessInitializeOnLoadAttributes (130ms)
			ProcessInitializeOnLoadMethodAttributes (43ms)
			AfterProcessingInitializeOnLoad (0ms)
			EditorAssembliesLoaded (0ms)
		ExecutionOrderSort2 (0ms)
		AwakeInstancesAfterBackupRestoration (0ms)
========================================================================
Worker process is ready to serve import requests
Begin MonoManager ReloadAssembly
Symbol file LoadedFromMemory doesn't match image C:\Users\Sara\Documents\GitHub\LevelDesign\DoorPuzzleUnity\Library\PackageCache\com.unity.visualscripting@1.8.0\Editor\VisualScripting.Core\Dependencies\YamlDotNet\Unity.VisualScripting.YamlDotNet.dll
Symbol file LoadedFromMemory doesn't match image C:\Users\Sara\Documents\GitHub\LevelDesign\DoorPuzzleUnity\Library\PackageCache\com.unity.visualscripting@1.8.0\Editor\VisualScripting.Core\Dependencies\DotNetZip\Unity.VisualScripting.IonicZip.dll
- Loaded All Assemblies, in  0.692 seconds
Refreshing native plugins compatible for Editor in 4.25 ms, found 3 plugins.
Native extension for WindowsStandalone target not found
Native extension for WebGL target not found
Package Manager log level set to [2]
[Package Manager] Server::EnsureServerProcessIsRunning -- launch failed, reason: Unity was launched with the -noUpm command-line argument
[Package Manager] UpmClient::Send -- Unable to send message (not connected to UPM process).
[Package Manager] Cannot connect to Unity Package Manager local server
Mono: successfully reloaded assembly
- Finished resetting the current domain, in  0.561 seconds
Domain Reload Profiling: 1251ms
	BeginReloadAssembly (118ms)
		ExecutionOrderSort (0ms)
		DisableScriptedObjects (5ms)
		BackupInstance (0ms)
		ReleaseScriptingObjects (0ms)
		CreateAndSetChildDomain (21ms)
	RebuildCommonClasses (33ms)
	RebuildNativeTypeToScriptingClass (11ms)
	initialDomainReloadingComplete (39ms)
	LoadAllAssembliesAndSetupDomain (488ms)
		LoadAssemblies (241ms)
		RebuildTransferFunctionScriptingTraits (0ms)
		AnalyzeDomain (299ms)
			TypeCache.Refresh (279ms)
				TypeCache.ScanAssembly (267ms)
			ScanForSourceGeneratedMonoScriptInfo (15ms)
			ResolveRequiredComponents (5ms)
	FinalizeReload (562ms)
		ReleaseScriptCaches (0ms)
		RebuildScriptCaches (0ms)
		SetupLoadedEditorAssemblies (421ms)
			LogAssemblyErrors (0ms)
			InitializePlatformSupportModulesInManaged (6ms)
			SetLoadedEditorAssemblies (3ms)
			RefreshPlugins (0ms)
			BeforeProcessingInitializeOnLoad (58ms)
			ProcessInitializeOnLoadAttributes (331ms)
			ProcessInitializeOnLoadMethodAttributes (16ms)
			AfterProcessingInitializeOnLoad (7ms)
			EditorAssembliesLoaded (0ms)
		ExecutionOrderSort2 (0ms)
		AwakeInstancesAfterBackupRestoration (6ms)
Launched and connected shader compiler UnityShaderCompiler.exe after 0.05 seconds
Refreshing native plugins compatible for Editor in 4.30 ms, found 3 plugins.
Preloading 0 native plugins for Editor in 0.00 ms.
Unloading 3470 Unused Serialized files (Serialized files now loaded: 0)
Unloading 36 unused Assets / (114.2 KB). Loaded Objects now: 3941.
Memory consumption went from 134.3 MB to 134.2 MB.
Total: 4.513700 ms (FindLiveObjects: 0.504600 ms CreateObjectMapping: 0.113300 ms MarkObjects: 3.682600 ms  DeleteObjects: 0.211600 ms)

AssetImportParameters requested are different than current active one (requested -> active):
  custom:container-demuxer-ogg: 62fdf1f143b41e24485cea50d1cbac27 -> 
  custom:video-decoder-ogg-theora: a1e56fd34408186e4bbccfd4996cb3dc -> 
  custom:framework-win-MediaFoundation: 216162199b28c13a410421893ffa2e32 -> 
  custom:CustomObjectIndexerAttribute: 756ad292c208cfabdd7b50bc23989ffe -> 
  custom:container-demuxer-webm: 4f35f7cbe854078d1ac9338744f61a02 -> 
  custom:container-muxer-webm: aa71ff27fc2769a1b78a27578f13a17b -> 
  custom:video-decoder-webm-vp8: 9c59270c3fd7afecdb556c50c9e8de78 -> 
  custom:AudioImporter_EditorPlatform: d09bf68614088b80899f8185d706f6e7 -> 
  custom:video-encoder-webm-vp8: eb34c28f22e8b96e1ab97ce403110664 -> 
  custom:audio-decoder-ogg-vorbis: bf7c407c2cedff20999df2af8eb42d56 -> 
  custom:audio-encoder-webm-vorbis: bf7c407c2cedff20999df2af8eb42d56 -> 
========================================================================
Received Import Request.
  Time since last request: 511691.368658 seconds.
  path: Assets/Art/Props/Dishes (Utenstiles)/Bowl
  artifactKey: Guid(ccad52ccf2f23dc40b7648abe6d6df43) Importer(815301076,1909f56bfc062723c751e8b465ee728b)
Start importing Assets/Art/Props/Dishes (Utenstiles)/Bowl using Guid(ccad52ccf2f23dc40b7648abe6d6df43) Importer(815301076,1909f56bfc062723c751e8b465ee728b)  -> (artifact id: '63e221e1d93a7be2128d4cd76c7b5d04') in 0.002381 seconds
Number of updated asset objects reloaded before import = 0
Number of asset objects unloaded after import = 0
========================================================================
Received Import Request.
  Time since last request: 0.081666 seconds.
  path: Assets/Art/Props/Dishes (Utenstiles)/Bowl/Bowl_DefaultMaterial_BaseMap.png
  artifactKey: Guid(a85c56a3e530b8f41a6c89a08e483157) Importer(815301076,1909f56bfc062723c751e8b465ee728b)
Start importing Assets/Art/Props/Dishes (Utenstiles)/Bowl/Bowl_DefaultMaterial_BaseMap.png using Guid(a85c56a3e530b8f41a6c89a08e483157) Importer(815301076,1909f56bfc062723c751e8b465ee728b)  -> (artifact id: '8535bfab07665b0521f18e70abcb840f') in 0.057993 seconds
Number of updated asset objects reloaded before import = 0
Number of asset objects unloaded after import = 2
========================================================================
Received Import Request.
  Time since last request: 64.810738 seconds.
  path: Assets/Art/Props/Dishes (Utenstiles)/Chalice
  artifactKey: Guid(ba00c7b93c294d244b82c09e2c8ca9a9) Importer(815301076,1909f56bfc062723c751e8b465ee728b)
Start importing Assets/Art/Props/Dishes (Utenstiles)/Chalice using Guid(ba00c7b93c294d244b82c09e2c8ca9a9) Importer(815301076,1909f56bfc062723c751e8b465ee728b)  -> (artifact id: '22a0df2eda86760bccf41cf4b6974760') in 0.000733 seconds
Number of updated asset objects reloaded before import = 0
Number of asset objects unloaded after import = 0
========================================================================
Received Import Request.
  Time since last request: 0.054519 seconds.
  path: Assets/Art/Props/Dishes (Utenstiles)/Chalice/3DArt_Props_Chalice_Model_Amanda_V1.fbx
  artifactKey: Guid(79f9fa5b72280ee40b3e08e8d6dfb9af) Importer(815301076,1909f56bfc062723c751e8b465ee728b)
Start importing Assets/Art/Props/Dishes (Utenstiles)/Chalice/3DArt_Props_Chalice_Model_Amanda_V1.fbx using Guid(79f9fa5b72280ee40b3e08e8d6dfb9af) Importer(815301076,1909f56bfc062723c751e8b465ee728b)  -> (artifact id: 'dd176688c9b38f0f58d714e67eaa4c52') in 0.129303 seconds
Number of updated asset objects reloaded before import = 0
Number of asset objects unloaded after import = 9
========================================================================
Received Import Request.
  Time since last request: 63.349482 seconds.
  path: Assets/Art/Props/Dishes (Utenstiles)/Plate
  artifactKey: Guid(0f7d8923c4bf8e84fa1c21405dae12f3) Importer(815301076,1909f56bfc062723c751e8b465ee728b)
Start importing Assets/Art/Props/Dishes (Utenstiles)/Plate using Guid(0f7d8923c4bf8e84fa1c21405dae12f3) Importer(815301076,1909f56bfc062723c751e8b465ee728b)  -> (artifact id: '691e8d8a42bcce52e9497583c928713c') in 0.000584 seconds
Number of updated asset objects reloaded before import = 0
Number of asset objects unloaded after import = 0
========================================================================
Received Import Request.
  Time since last request: 0.091989 seconds.
  path: Assets/Art/Props/Dishes (Utenstiles)/Plate/3DArt_Props_Plate_Model_Amanda.fbx
  artifactKey: Guid(f83ff5ddf0c4b004c910a3995d3e7760) Importer(815301076,1909f56bfc062723c751e8b465ee728b)
Start importing Assets/Art/Props/Dishes (Utenstiles)/Plate/3DArt_Props_Plate_Model_Amanda.fbx using Guid(f83ff5ddf0c4b004c910a3995d3e7760) Importer(815301076,1909f56bfc062723c751e8b465ee728b)  -> (artifact id: 'e8824824ea541c553a1b3a31f932d35b') in 0.043110 seconds
Number of updated asset objects reloaded before import = 0
Number of asset objects unloaded after import = 10
========================================================================
Received Import Request.
  Time since last request: 0.000021 seconds.
  path: Assets/Art/Props/Dishes (Utenstiles)/Plate/Plate_Material _26_BaseMap.png
  artifactKey: Guid(7658bb42049b859478f645af913aad2e) Importer(815301076,1909f56bfc062723c751e8b465ee728b)
Start importing Assets/Art/Props/Dishes (Utenstiles)/Plate/Plate_Material _26_BaseMap.png using Guid(7658bb42049b859478f645af913aad2e) Importer(815301076,1909f56bfc062723c751e8b465ee728b)  -> (artifact id: '24c34b85ec3744df55f277832f1c42b2') in 0.019486 seconds
Number of updated asset objects reloaded before import = 0
Number of asset objects unloaded after import = 2
========================================================================
Received Import Request.
  Time since last request: 0.000024 seconds.
  path: Assets/Art/Props/Dishes (Utenstiles)/Plate/Plate_Material _26_MaskMap.png
  artifactKey: Guid(d66cd83512e6f624790d75d21e0eb135) Importer(815301076,1909f56bfc062723c751e8b465ee728b)
Start importing Assets/Art/Props/Dishes (Utenstiles)/Plate/Plate_Material _26_MaskMap.png using Guid(d66cd83512e6f624790d75d21e0eb135) Importer(815301076,1909f56bfc062723c751e8b465ee728b)  -> (artifact id: '01b2c4cfd164f950ca27a9de94c687f8') in 0.027667 seconds
Number of updated asset objects reloaded before import = 0
Number of asset objects unloaded after import = 2
========================================================================
Received Import Request.
  Time since last request: 28.817083 seconds.
  path: Assets/Art/Props/Dishes (Utenstiles)/Plate/Plate_Material _26_Normal.png
  artifactKey: Guid(3561695a65607084b9bb9d4b015fa438) Importer(815301076,1909f56bfc062723c751e8b465ee728b)
Start importing Assets/Art/Props/Dishes (Utenstiles)/Plate/Plate_Material _26_Normal.png using Guid(3561695a65607084b9bb9d4b015fa438) Importer(815301076,1909f56bfc062723c751e8b465ee728b)  -> (artifact id: '305c12dcc8fe3e506ea9c8bc197c9d22') in 0.024775 seconds
Number of updated asset objects reloaded before import = 0
Number of asset objects unloaded after import = 2
========================================================================
Received Import Request.
  Time since last request: 78.590943 seconds.
  path: Assets/Art/Props/Fireplace Fire.prefab
  artifactKey: Guid(e97fa7b2319a76c4993052b829552eeb) Importer(815301076,1909f56bfc062723c751e8b465ee728b)
Start importing Assets/Art/Props/Fireplace Fire.prefab using Guid(e97fa7b2319a76c4993052b829552eeb) Importer(815301076,1909f56bfc062723c751e8b465ee728b)  -> (artifact id: '5e5dd64af18f63d3c481b98d044c4291') in 0.013411 seconds
Number of updated asset objects reloaded before import = 0
Number of asset objects unloaded after import = 6
========================================================================
Received Import Request.
  Time since last request: 167.674645 seconds.
  path: Assets/Art/Props/Picture Frames
  artifactKey: Guid(a106b38fbc5122d4c809bb27b10a936c) Importer(815301076,1909f56bfc062723c751e8b465ee728b)
Start importing Assets/Art/Props/Picture Frames using Guid(a106b38fbc5122d4c809bb27b10a936c) Importer(815301076,1909f56bfc062723c751e8b465ee728b)  -> (artifact id: '2d6f68ba227c6b92c5dfdae136b0861e') in 0.000623 seconds
Number of updated asset objects reloaded before import = 0
Number of asset objects unloaded after import = 0
========================================================================
Received Import Request.
  Time since last request: 16.194856 seconds.
  path: Assets/Art/Props/Picture Frames/Picture Frame 04
  artifactKey: Guid(86b10e680f038e24f9ac2f7baba50403) Importer(815301076,1909f56bfc062723c751e8b465ee728b)
Start importing Assets/Art/Props/Picture Frames/Picture Frame 04 using Guid(86b10e680f038e24f9ac2f7baba50403) Importer(815301076,1909f56bfc062723c751e8b465ee728b)  -> (artifact id: '1ffe4bb26541f21957eb658db5fa15d0') in 0.000544 seconds
Number of updated asset objects reloaded before import = 0
Number of asset objects unloaded after import = 0
========================================================================
Received Import Request.
  Time since last request: 0.088654 seconds.
  path: Assets/Art/Props/Picture Frames/Picture Frame 04/3DArt_Props_PictureFrame_Model_Amanda_04.fbx
  artifactKey: Guid(2029852f8d58ede4db6f5015d69c6b48) Importer(815301076,1909f56bfc062723c751e8b465ee728b)
Start importing Assets/Art/Props/Picture Frames/Picture Frame 04/3DArt_Props_PictureFrame_Model_Amanda_04.fbx using Guid(2029852f8d58ede4db6f5015d69c6b48) Importer(815301076,1909f56bfc062723c751e8b465ee728b)  -> (artifact id: 'b76223abce97899485ca414e80b2b692') in 0.035319 seconds
Number of updated asset objects reloaded before import = 0
Number of asset objects unloaded after import = 9
========================================================================
Received Import Request.
  Time since last request: 0.000023 seconds.
  path: Assets/Art/Props/Picture Frames/Picture Frame 04/PictureFrame_05_Material _26_BaseMap.png
  artifactKey: Guid(2cbf951afed9b9c46ab8ffb6c42bd546) Importer(815301076,1909f56bfc062723c751e8b465ee728b)
Start importing Assets/Art/Props/Picture Frames/Picture Frame 04/PictureFrame_05_Material _26_BaseMap.png using Guid(2cbf951afed9b9c46ab8ffb6c42bd546) Importer(815301076,1909f56bfc062723c751e8b465ee728b)  -> (artifact id: '0afb78c7a51e3ef12aed5d62afd3e374') in 0.020087 seconds
Number of updated asset objects reloaded before import = 0
Number of asset objects unloaded after import = 2
========================================================================
Received Import Request.
  Time since last request: 0.000029 seconds.
  path: Assets/Art/Props/Picture Frames/Picture Frame 04/PictureFrame_05_Material _26_MaskMap.png
  artifactKey: Guid(823909fead6594143a872df7f99e24c4) Importer(815301076,1909f56bfc062723c751e8b465ee728b)
Start importing Assets/Art/Props/Picture Frames/Picture Frame 04/PictureFrame_05_Material _26_MaskMap.png using Guid(823909fead6594143a872df7f99e24c4) Importer(815301076,1909f56bfc062723c751e8b465ee728b)  -> (artifact id: '9fe1da9860f7eb49a8ddc5c67aebfd75') in 0.020024 seconds
Number of updated asset objects reloaded before import = 0
Number of asset objects unloaded after import = 2
========================================================================
Received Import Request.
  Time since last request: 2.175509 seconds.
  path: Assets/Art/Props/Picture Frames/Picture Frame 03
  artifactKey: Guid(f58c4bc83b4e9cc4e8b9871ddbf19fd2) Importer(815301076,1909f56bfc062723c751e8b465ee728b)
Start importing Assets/Art/Props/Picture Frames/Picture Frame 03 using Guid(f58c4bc83b4e9cc4e8b9871ddbf19fd2) Importer(815301076,1909f56bfc062723c751e8b465ee728b)  -> (artifact id: 'b4c8bb4f6067c358b07c8794c366628d') in 0.000650 seconds
Number of updated asset objects reloaded before import = 0
Number of asset objects unloaded after import = 0
========================================================================
Received Import Request.
  Time since last request: 0.086344 seconds.
  path: Assets/Art/Props/Picture Frames/Picture Frame 03/3DArt_Props_PictureFrame_Model_Amanda_03.fbx
  artifactKey: Guid(2690648c0a38ecf4fa02d220f7d35a45) Importer(815301076,1909f56bfc062723c751e8b465ee728b)
Start importing Assets/Art/Props/Picture Frames/Picture Frame 03/3DArt_Props_PictureFrame_Model_Amanda_03.fbx using Guid(2690648c0a38ecf4fa02d220f7d35a45) Importer(815301076,1909f56bfc062723c751e8b465ee728b)  -> (artifact id: '5a3b4f7db0f44167d9b075e067ff2a66') in 0.028537 seconds
Number of updated asset objects reloaded before import = 0
Number of asset objects unloaded after import = 9
========================================================================
Received Import Request.
  Time since last request: 0.000017 seconds.
  path: Assets/Art/Props/Picture Frames/Picture Frame 03/PictureFrame_03_DefaultMaterial_Normal.png
  artifactKey: Guid(2380bda5379c14044b6e71c26169ea01) Importer(815301076,1909f56bfc062723c751e8b465ee728b)
Start importing Assets/Art/Props/Picture Frames/Picture Frame 03/PictureFrame_03_DefaultMaterial_Normal.png using Guid(2380bda5379c14044b6e71c26169ea01) Importer(815301076,1909f56bfc062723c751e8b465ee728b)  -> (artifact id: 'b66a2608e64938b4b7162d7de7119042') in 0.016951 seconds
Number of updated asset objects reloaded before import = 0
Number of asset objects unloaded after import = 2
========================================================================
Received Import Request.
  Time since last request: 0.000019 seconds.
  path: Assets/Art/Props/Picture Frames/Picture Frame 03/PictureFrame_03_DefaultMaterial_BaseMap.png
  artifactKey: Guid(69bd472deb2afe1449cdc55ded081759) Importer(815301076,1909f56bfc062723c751e8b465ee728b)
Start importing Assets/Art/Props/Picture Frames/Picture Frame 03/PictureFrame_03_DefaultMaterial_BaseMap.png using Guid(69bd472deb2afe1449cdc55ded081759) Importer(815301076,1909f56bfc062723c751e8b465ee728b)  -> (artifact id: 'ec2db7a7b8fa4281a67029ba59118d19') in 0.016840 seconds
Number of updated asset objects reloaded before import = 0
Number of asset objects unloaded after import = 2
========================================================================
Received Import Request.
  Time since last request: 28.368816 seconds.
  path: Assets/Art/Props/Picture Frames/Picture Frame 02
  artifactKey: Guid(ebe3ba7364a913c4bafd87bfbf499288) Importer(815301076,1909f56bfc062723c751e8b465ee728b)
Start importing Assets/Art/Props/Picture Frames/Picture Frame 02 using Guid(ebe3ba7364a913c4bafd87bfbf499288) Importer(815301076,1909f56bfc062723c751e8b465ee728b)  -> (artifact id: 'b8c10bf408718f8953cdcd695d567e02') in 0.002500 seconds
Number of updated asset objects reloaded before import = 0
Number of asset objects unloaded after import = 0
========================================================================
Received Import Request.
  Time since last request: 0.051229 seconds.
  path: Assets/Art/Props/Picture Frames/Picture Frame 02/3DArt_Props_PictureFrame_Model_Amanda_03.png
  artifactKey: Guid(714e028bad3bf7b45a9333d2d9514141) Importer(815301076,1909f56bfc062723c751e8b465ee728b)
Start importing Assets/Art/Props/Picture Frames/Picture Frame 02/3DArt_Props_PictureFrame_Model_Amanda_03.png using Guid(714e028bad3bf7b45a9333d2d9514141) Importer(815301076,1909f56bfc062723c751e8b465ee728b)  -> (artifact id: 'c2759d20de40f28daabfbf55dd53562f') in 0.023127 seconds
Number of updated asset objects reloaded before import = 0
Number of asset objects unloaded after import = 2
========================================================================
Received Import Request.
  Time since last request: 0.000022 seconds.
  path: Assets/Art/Props/Picture Frames/Picture Frame 02/PictureFrame_01_DefaultMaterial_Normal.png
  artifactKey: Guid(21f4ce85006380441b7e16b1b6a43eca) Importer(815301076,1909f56bfc062723c751e8b465ee728b)
Start importing Assets/Art/Props/Picture Frames/Picture Frame 02/PictureFrame_01_DefaultMaterial_Normal.png using Guid(21f4ce85006380441b7e16b1b6a43eca) Importer(815301076,1909f56bfc062723c751e8b465ee728b)  -> (artifact id: '205140cb11cb4dec53724d0c08dd9c85') in 0.020226 seconds
Number of updated asset objects reloaded before import = 0
Number of asset objects unloaded after import = 2
Editor requested this worker to shutdown with reason: Scaling down because of idle timeout
TcpMessagingSession - receive error: operation aborted. errorcode: 995, details: The I/O operation has been aborted because of either a thread exit or an application request.
AssetImportWorker is now disconnected from the server
Process exiting
Exiting without the bug reporter. Application will terminate with return code 0