Using pre-set license
Built from '2022.3/staging' branch; Version is '2022.3.4f1 (35713cd46cd7) revision 3502396'; Using compiler version '192829333'; Build Type 'Release'
OS: 'Windows 11  (10.0.26100) 64bit Core' Language: 'en' Physical Memory: 65463 MB
BatchMode: 1, IsHumanControllingUs: 0, StartBugReporterOnCrash: 0, Is64bit: 1, IsPro: 1

COMMAND LINE ARGUMENTS:
C:\Program Files\Unity\Hub\Editor\2022.3.4f1\Editor\Unity.exe
-adb2
-batchMode
-noUpm
-name
AssetImportWorker6
-projectPath
C:/Users/Sara/Documents/GitHub/LevelDesign/DoorPuzzleUnity
-logFile
Logs/AssetImportWorker6.log
-srvPort
62018
Successfully changed project path to: C:/Users/Sara/Documents/GitHub/LevelDesign/DoorPuzzleUnity
C:/Users/Sara/Documents/GitHub/LevelDesign/DoorPuzzleUnity
[UnityMemory] Configuration Parameters - Can be set up in boot.config
    "memorysetup-bucket-allocator-granularity=16"
    "memorysetup-bucket-allocator-bucket-count=8"
    "memorysetup-bucket-allocator-block-size=33554432"
    "memorysetup-bucket-allocator-block-count=8"
    "memorysetup-main-allocator-block-size=16777216"
    "memorysetup-thread-allocator-block-size=16777216"
    "memorysetup-gfx-main-allocator-block-size=16777216"
    "memorysetup-gfx-thread-allocator-block-size=16777216"
    "memorysetup-cache-allocator-block-size=4194304"
    "memorysetup-typetree-allocator-block-size=2097152"
    "memorysetup-profiler-bucket-allocator-granularity=16"
    "memorysetup-profiler-bucket-allocator-bucket-count=8"
    "memorysetup-profiler-bucket-allocator-block-size=33554432"
    "memorysetup-profiler-bucket-allocator-block-count=8"
    "memorysetup-profiler-allocator-block-size=16777216"
    "memorysetup-profiler-editor-allocator-block-size=1048576"
    "memorysetup-temp-allocator-size-main=16777216"
    "memorysetup-job-temp-allocator-block-size=2097152"
    "memorysetup-job-temp-allocator-block-size-background=1048576"
    "memorysetup-job-temp-allocator-reduction-small-platforms=262144"
    "memorysetup-allocator-temp-initial-block-size-main=262144"
    "memorysetup-allocator-temp-initial-block-size-worker=262144"
    "memorysetup-temp-allocator-size-background-worker=32768"
    "memorysetup-temp-allocator-size-job-worker=262144"
    "memorysetup-temp-allocator-size-preload-manager=33554432"
    "memorysetup-temp-allocator-size-nav-mesh-worker=65536"
    "memorysetup-temp-allocator-size-audio-worker=65536"
    "memorysetup-temp-allocator-size-cloud-worker=32768"
    "memorysetup-temp-allocator-size-gi-baking-worker=262144"
    "memorysetup-temp-allocator-size-gfx=262144"
Player connection [44852] Host "[IP] 192.168.2.10 [Port] 0 [Flags] 2 [Guid] 184834977 [EditorId] 184834977 [Version] 1048832 [Id] WindowsEditor(7,DESKTOP-B3QK9UJ) [Debug] 1 [PackageName] WindowsEditor [ProjectName] Editor" joined multi-casting on [225.0.0.222:54997]...

Player connection [44852] Host "[IP] 192.168.2.10 [Port] 0 [Flags] 2 [Guid] 184834977 [EditorId] 184834977 [Version] 1048832 [Id] WindowsEditor(7,DESKTOP-B3QK9UJ) [Debug] 1 [PackageName] WindowsEditor [ProjectName] Editor" joined alternative multi-casting on [225.0.0.222:34997]...

Refreshing native plugins compatible for Editor in 7.94 ms, found 3 plugins.
Preloading 0 native plugins for Editor in 0.00 ms.
Initialize engine version: 2022.3.4f1 (35713cd46cd7)
[Subsystems] Discovering subsystems at path C:/Program Files/Unity/Hub/Editor/2022.3.4f1/Editor/Data/Resources/UnitySubsystems
[Subsystems] Discovering subsystems at path C:/Users/Sara/Documents/GitHub/LevelDesign/DoorPuzzleUnity/Assets
GfxDevice: creating device client; threaded=0; jobified=0
Direct3D:
    Version:  Direct3D 11.0 [level 11.1]
    Renderer: NVIDIA GeForce RTX 3080 Ti (ID=0x2208)
    Vendor:   NVIDIA
    VRAM:     12086 MB
    Driver:   32.0.15.6094
Initialize mono
Mono path[0] = 'C:/Program Files/Unity/Hub/Editor/2022.3.4f1/Editor/Data/Managed'
Mono path[1] = 'C:/Program Files/Unity/Hub/Editor/2022.3.4f1/Editor/Data/MonoBleedingEdge/lib/mono/unityjit-win32'
Mono config path = 'C:/Program Files/Unity/Hub/Editor/2022.3.4f1/Editor/Data/MonoBleedingEdge/etc'
Using monoOptions --debugger-agent=transport=dt_socket,embedding=1,server=y,suspend=n,address=127.0.0.1:56176
Begin MonoManager ReloadAssembly
Registering precompiled unity dll's ...
Register platform support module: C:/Program Files/Unity/Hub/Editor/2022.3.4f1/Editor/Data/PlaybackEngines/WebGLSupport/UnityEditor.WebGL.Extensions.dll
Register platform support module: C:/Program Files/Unity/Hub/Editor/2022.3.4f1/Editor/Data/PlaybackEngines/WindowsStandaloneSupport/UnityEditor.WindowsStandalone.Extensions.dll
Registered in 0.007662 seconds.
- Loaded All Assemblies, in  0.310 seconds
Native extension for WindowsStandalone target not found
Native extension for WebGL target not found
Mono: successfully reloaded assembly
- Finished resetting the current domain, in  0.240 seconds
Domain Reload Profiling: 549ms
	BeginReloadAssembly (79ms)
		ExecutionOrderSort (0ms)
		DisableScriptedObjects (0ms)
		BackupInstance (0ms)
		ReleaseScriptingObjects (0ms)
		CreateAndSetChildDomain (1ms)
	RebuildCommonClasses (33ms)
	RebuildNativeTypeToScriptingClass (11ms)
	initialDomainReloadingComplete (54ms)
	LoadAllAssembliesAndSetupDomain (132ms)
		LoadAssemblies (77ms)
		RebuildTransferFunctionScriptingTraits (0ms)
		AnalyzeDomain (127ms)
			TypeCache.Refresh (126ms)
				TypeCache.ScanAssembly (116ms)
			ScanForSourceGeneratedMonoScriptInfo (0ms)
			ResolveRequiredComponents (1ms)
	FinalizeReload (240ms)
		ReleaseScriptCaches (0ms)
		RebuildScriptCaches (0ms)
		SetupLoadedEditorAssemblies (182ms)
			LogAssemblyErrors (0ms)
			InitializePlatformSupportModulesInManaged (10ms)
			SetLoadedEditorAssemblies (4ms)
			RefreshPlugins (0ms)
			BeforeProcessingInitializeOnLoad (2ms)
			ProcessInitializeOnLoadAttributes (122ms)
			ProcessInitializeOnLoadMethodAttributes (44ms)
			AfterProcessingInitializeOnLoad (0ms)
			EditorAssembliesLoaded (0ms)
		ExecutionOrderSort2 (0ms)
		AwakeInstancesAfterBackupRestoration (0ms)
========================================================================
Worker process is ready to serve import requests
Begin MonoManager ReloadAssembly
Symbol file LoadedFromMemory doesn't match image C:\Users\Sara\Documents\GitHub\LevelDesign\DoorPuzzleUnity\Library\PackageCache\com.unity.visualscripting@1.8.0\Editor\VisualScripting.Core\Dependencies\YamlDotNet\Unity.VisualScripting.YamlDotNet.dll
Symbol file LoadedFromMemory doesn't match image C:\Users\Sara\Documents\GitHub\LevelDesign\DoorPuzzleUnity\Library\PackageCache\com.unity.visualscripting@1.8.0\Editor\VisualScripting.Core\Dependencies\DotNetZip\Unity.VisualScripting.IonicZip.dll
- Loaded All Assemblies, in  0.649 seconds
Refreshing native plugins compatible for Editor in 3.54 ms, found 3 plugins.
Native extension for WindowsStandalone target not found
Native extension for WebGL target not found
Package Manager log level set to [2]
[Package Manager] Server::EnsureServerProcessIsRunning -- launch failed, reason: Unity was launched with the -noUpm command-line argument
[Package Manager] UpmClient::Send -- Unable to send message (not connected to UPM process).
[Package Manager] Cannot connect to Unity Package Manager local server
Mono: successfully reloaded assembly
- Finished resetting the current domain, in  0.580 seconds
Domain Reload Profiling: 1227ms
	BeginReloadAssembly (118ms)
		ExecutionOrderSort (0ms)
		DisableScriptedObjects (5ms)
		BackupInstance (0ms)
		ReleaseScriptingObjects (0ms)
		CreateAndSetChildDomain (21ms)
	RebuildCommonClasses (32ms)
	RebuildNativeTypeToScriptingClass (10ms)
	initialDomainReloadingComplete (38ms)
	LoadAllAssembliesAndSetupDomain (449ms)
		LoadAssemblies (232ms)
		RebuildTransferFunctionScriptingTraits (0ms)
		AnalyzeDomain (271ms)
			TypeCache.Refresh (252ms)
				TypeCache.ScanAssembly (241ms)
			ScanForSourceGeneratedMonoScriptInfo (15ms)
			ResolveRequiredComponents (4ms)
	FinalizeReload (580ms)
		ReleaseScriptCaches (0ms)
		RebuildScriptCaches (0ms)
		SetupLoadedEditorAssemblies (429ms)
			LogAssemblyErrors (0ms)
			InitializePlatformSupportModulesInManaged (7ms)
			SetLoadedEditorAssemblies (7ms)
			RefreshPlugins (0ms)
			BeforeProcessingInitializeOnLoad (65ms)
			ProcessInitializeOnLoadAttributes (328ms)
			ProcessInitializeOnLoadMethodAttributes (16ms)
			AfterProcessingInitializeOnLoad (7ms)
			EditorAssembliesLoaded (0ms)
		ExecutionOrderSort2 (0ms)
		AwakeInstancesAfterBackupRestoration (6ms)
Launched and connected shader compiler UnityShaderCompiler.exe after 0.04 seconds
Refreshing native plugins compatible for Editor in 3.17 ms, found 3 plugins.
Preloading 0 native plugins for Editor in 0.00 ms.
Unloading 3469 Unused Serialized files (Serialized files now loaded: 0)
Unloading 36 unused Assets / (114.2 KB). Loaded Objects now: 3940.
Memory consumption went from 134.1 MB to 134.0 MB.
Total: 3.394200 ms (FindLiveObjects: 0.326400 ms CreateObjectMapping: 0.095800 ms MarkObjects: 2.801000 ms  DeleteObjects: 0.169800 ms)

AssetImportParameters requested are different than current active one (requested -> active):
  custom:container-demuxer-ogg: 62fdf1f143b41e24485cea50d1cbac27 -> 
  custom:video-decoder-ogg-theora: a1e56fd34408186e4bbccfd4996cb3dc -> 
  custom:framework-win-MediaFoundation: 216162199b28c13a410421893ffa2e32 -> 
  custom:CustomObjectIndexerAttribute: 756ad292c208cfabdd7b50bc23989ffe -> 
  custom:container-demuxer-webm: 4f35f7cbe854078d1ac9338744f61a02 -> 
  custom:container-muxer-webm: aa71ff27fc2769a1b78a27578f13a17b -> 
  custom:video-decoder-webm-vp8: 9c59270c3fd7afecdb556c50c9e8de78 -> 
  custom:AudioImporter_EditorPlatform: d09bf68614088b80899f8185d706f6e7 -> 
  custom:video-encoder-webm-vp8: eb34c28f22e8b96e1ab97ce403110664 -> 
  custom:audio-decoder-ogg-vorbis: bf7c407c2cedff20999df2af8eb42d56 -> 
  custom:audio-encoder-webm-vorbis: bf7c407c2cedff20999df2af8eb42d56 -> 
========================================================================
Received Import Request.
  Time since last request: 509764.711214 seconds.
  path: Assets/ImportedAssets/DungeonAssetPack/Texture/DungeonTexture.png
  artifactKey: Guid(e370f96dabef68742a82aa77271ede28) Importer(815301076,1909f56bfc062723c751e8b465ee728b)
Start importing Assets/ImportedAssets/DungeonAssetPack/Texture/DungeonTexture.png using Guid(e370f96dabef68742a82aa77271ede28) Importer(815301076,1909f56bfc062723c751e8b465ee728b)  -> (artifact id: '9c010b267174b923ebe78f9827f361c5') in 0.064754 seconds
Number of updated asset objects reloaded before import = 0
Number of asset objects unloaded after import = 2
========================================================================
Received Import Request.
  Time since last request: 0.000024 seconds.
  path: Assets/ImportedAssets/Women_LowPoly/Low Poly Female Free/Texture/Female_Texture_A.png
  artifactKey: Guid(fdec3bb45cde47d4d9a827d077ada728) Importer(815301076,1909f56bfc062723c751e8b465ee728b)
Start importing Assets/ImportedAssets/Women_LowPoly/Low Poly Female Free/Texture/Female_Texture_A.png using Guid(fdec3bb45cde47d4d9a827d077ada728) Importer(815301076,1909f56bfc062723c751e8b465ee728b)  -> (artifact id: 'ceb05a11ac8f27ee12e4d0ce26240e31') in 0.019498 seconds
Number of updated asset objects reloaded before import = 0
Number of asset objects unloaded after import = 2
========================================================================
Received Import Request.
  Time since last request: 0.000045 seconds.
  path: Assets/ImportedAssets/Key/Key/Models/Textures/KeyG.tga
  artifactKey: Guid(b31ffa1c3278e6b4b81cd4c9e21dd0ff) Importer(815301076,1909f56bfc062723c751e8b465ee728b)
Start importing Assets/ImportedAssets/Key/Key/Models/Textures/KeyG.tga using Guid(b31ffa1c3278e6b4b81cd4c9e21dd0ff) Importer(815301076,1909f56bfc062723c751e8b465ee728b)  -> (artifact id: 'cb531f145d119ad96a7791ee0a6cac84') in 0.020817 seconds
Number of updated asset objects reloaded before import = 0
Number of asset objects unloaded after import = 2
========================================================================
Received Import Request.
  Time since last request: 0.000022 seconds.
  path: Assets/ImportedAssets/Key/Key/Models/Textures/keyG_specular.tga
  artifactKey: Guid(cdd1bf5b6e9fee045b6ab7ffc3be0819) Importer(815301076,1909f56bfc062723c751e8b465ee728b)
Start importing Assets/ImportedAssets/Key/Key/Models/Textures/keyG_specular.tga using Guid(cdd1bf5b6e9fee045b6ab7ffc3be0819) Importer(815301076,1909f56bfc062723c751e8b465ee728b)  -> (artifact id: 'a93756b1b6f9813269e56f83e295c6b9') in 0.020818 seconds
Number of updated asset objects reloaded before import = 0
Number of asset objects unloaded after import = 2
========================================================================
Received Import Request.
  Time since last request: 0.817428 seconds.
  path: Assets/ImportedAssets/Castle/Material/Concrete/Concrete036D_AO.png
  artifactKey: Guid(e739f9f29fb09d84a91cc26cceff61cb) Importer(815301076,1909f56bfc062723c751e8b465ee728b)
Start importing Assets/ImportedAssets/Castle/Material/Concrete/Concrete036D_AO.png using Guid(e739f9f29fb09d84a91cc26cceff61cb) Importer(815301076,1909f56bfc062723c751e8b465ee728b)  -> (artifact id: '66439b8e06e5500d91716cacc3ac8feb') in 0.024509 seconds
Number of updated asset objects reloaded before import = 0
Number of asset objects unloaded after import = 2
========================================================================
Received Import Request.
  Time since last request: 0.030413 seconds.
  path: Assets/ImportedAssets/Chess/Bishop/Texture/BishopDiffuse.png
  artifactKey: Guid(359753b322c254348b45652023ee39a6) Importer(815301076,1909f56bfc062723c751e8b465ee728b)
Start importing Assets/ImportedAssets/Chess/Bishop/Texture/BishopDiffuse.png using Guid(359753b322c254348b45652023ee39a6) Importer(815301076,1909f56bfc062723c751e8b465ee728b)  -> (artifact id: 'c5225e3825a92c182f4cb3b5917451a7') in 0.018679 seconds
Number of updated asset objects reloaded before import = 0
Number of asset objects unloaded after import = 2
========================================================================
Received Import Request.
  Time since last request: 0.001251 seconds.
  path: Assets/Art/Barrel/Texture_V1 (with hole)/Barrel_LowPoly_DefaultMaterial_MaskMap.png
  artifactKey: Guid(daf6aabb16860fb4abccb227db188ceb) Importer(815301076,1909f56bfc062723c751e8b465ee728b)
Start importing Assets/Art/Barrel/Texture_V1 (with hole)/Barrel_LowPoly_DefaultMaterial_MaskMap.png using Guid(daf6aabb16860fb4abccb227db188ceb) Importer(815301076,1909f56bfc062723c751e8b465ee728b)  -> (artifact id: 'c6f7eeb3c1c27e2d050941dd152d1be4') in 0.026524 seconds
Number of updated asset objects reloaded before import = 0
Number of asset objects unloaded after import = 2
========================================================================
Received Import Request.
  Time since last request: 0.000019 seconds.
  path: Assets/Art/Barrel/Texture_V1/Barrel_LowPoly_DefaultMaterial_MaskMap.png
  artifactKey: Guid(fb3f128e33e8acf46b1d2e53811353aa) Importer(815301076,1909f56bfc062723c751e8b465ee728b)
Start importing Assets/Art/Barrel/Texture_V1/Barrel_LowPoly_DefaultMaterial_MaskMap.png using Guid(fb3f128e33e8acf46b1d2e53811353aa) Importer(815301076,1909f56bfc062723c751e8b465ee728b)  -> (artifact id: '6487c893fd33ec2ca70ec42982e21c9c') in 0.020077 seconds
Number of updated asset objects reloaded before import = 0
Number of asset objects unloaded after import = 2
========================================================================
Received Import Request.
  Time since last request: 1.546012 seconds.
  path: Assets/Art/Barrel/Texture_V1/Barrel_LowPoly_DefaultMaterial_BaseMap.png
  artifactKey: Guid(7a72dce3aabfaf244ae95d761f27d827) Importer(815301076,1909f56bfc062723c751e8b465ee728b)
Start importing Assets/Art/Barrel/Texture_V1/Barrel_LowPoly_DefaultMaterial_BaseMap.png using Guid(7a72dce3aabfaf244ae95d761f27d827) Importer(815301076,1909f56bfc062723c751e8b465ee728b)  -> (artifact id: '0b3cf6b2224f1727ed4ebf2ae6ce5792') in 0.021227 seconds
Number of updated asset objects reloaded before import = 0
Number of asset objects unloaded after import = 2
========================================================================
Received Import Request.
  Time since last request: 0.000022 seconds.
  path: Assets/ImportedAssets/Tables/Textures/Table 1/AO Table 1.png
  artifactKey: Guid(b4f448f0a0c5a8745b5704f6ded466ea) Importer(815301076,1909f56bfc062723c751e8b465ee728b)
Start importing Assets/ImportedAssets/Tables/Textures/Table 1/AO Table 1.png using Guid(b4f448f0a0c5a8745b5704f6ded466ea) Importer(815301076,1909f56bfc062723c751e8b465ee728b)  -> (artifact id: '7127ccef0ebb3a3297a04d8eb7a31ad0') in 0.019327 seconds
Number of updated asset objects reloaded before import = 0
Number of asset objects unloaded after import = 2
========================================================================
Received Import Request.
  Time since last request: 0.000022 seconds.
  path: Assets/ImportedAssets/Tables/Textures/Table 1/AlbedoTable 1.png
  artifactKey: Guid(4458ce9caab4016418711fd5ca3e4dac) Importer(815301076,1909f56bfc062723c751e8b465ee728b)
Start importing Assets/ImportedAssets/Tables/Textures/Table 1/AlbedoTable 1.png using Guid(4458ce9caab4016418711fd5ca3e4dac) Importer(815301076,1909f56bfc062723c751e8b465ee728b)  -> (artifact id: '144dcb882fcc2f548ebdaa22cff8652b') in 0.023938 seconds
Number of updated asset objects reloaded before import = 0
Number of asset objects unloaded after import = 2
========================================================================
Received Import Request.
  Time since last request: 0.000022 seconds.
  path: Assets/Art/Chandelier_V2/3DArt_Props_Chandelier_Model_Jacob&Amanda_V2_DefaultMaterial_MaskMap.png
  artifactKey: Guid(344b9e0299876c54e899ac232ae5adf2) Importer(815301076,1909f56bfc062723c751e8b465ee728b)
Start importing Assets/Art/Chandelier_V2/3DArt_Props_Chandelier_Model_Jacob&Amanda_V2_DefaultMaterial_MaskMap.png using Guid(344b9e0299876c54e899ac232ae5adf2) Importer(815301076,1909f56bfc062723c751e8b465ee728b)  -> (artifact id: '268d161e24f579dce18faa8699aecf8a') in 0.020091 seconds
Number of updated asset objects reloaded before import = 0
Number of asset objects unloaded after import = 2
========================================================================
Received Import Request.
  Time since last request: 0.000025 seconds.
  path: Assets/Art/T1/3DArt_Props_Candle_Jacob_V2_DefaultMaterial_MaskMap.png
  artifactKey: Guid(5a4a4f68dd604784abb472e25c6d0498) Importer(815301076,1909f56bfc062723c751e8b465ee728b)
Start importing Assets/Art/T1/3DArt_Props_Candle_Jacob_V2_DefaultMaterial_MaskMap.png using Guid(5a4a4f68dd604784abb472e25c6d0498) Importer(815301076,1909f56bfc062723c751e8b465ee728b)  -> (artifact id: 'd119ff8bf7db15b86a33ccd75fff2901') in 0.022749 seconds
Number of updated asset objects reloaded before import = 0
Number of asset objects unloaded after import = 2
========================================================================
Received Import Request.
  Time since last request: 0.000024 seconds.
  path: Assets/Art/T1/3DArt_Props_Candle_Jacob_V2_DefaultMaterial_Normal.png
  artifactKey: Guid(f39731514e716604094dad78899bd0a9) Importer(815301076,1909f56bfc062723c751e8b465ee728b)
Start importing Assets/Art/T1/3DArt_Props_Candle_Jacob_V2_DefaultMaterial_Normal.png using Guid(f39731514e716604094dad78899bd0a9) Importer(815301076,1909f56bfc062723c751e8b465ee728b)  -> (artifact id: 'aa79dd03e0b97addb02f8be343fa62be') in 0.053554 seconds
Number of updated asset objects reloaded before import = 0
Number of asset objects unloaded after import = 2
========================================================================
Received Import Request.
  Time since last request: 6.495210 seconds.
  path: Assets/ImportedAssets/Chess/King/Texture/KingDiffuse.png
  artifactKey: Guid(5aa17d24d10d66a42bb18be78fd7b8d0) Importer(815301076,1909f56bfc062723c751e8b465ee728b)
Start importing Assets/ImportedAssets/Chess/King/Texture/KingDiffuse.png using Guid(5aa17d24d10d66a42bb18be78fd7b8d0) Importer(815301076,1909f56bfc062723c751e8b465ee728b)  -> (artifact id: '771425cd130894f1632e13dcae388774') in 0.020065 seconds
Number of updated asset objects reloaded before import = 0
Number of asset objects unloaded after import = 2
Editor requested this worker to shutdown with reason: Scaling down because of idle timeout
TcpMessagingSession - receive error: operation aborted. errorcode: 995, details: The I/O operation has been aborted because of either a thread exit or an application request.
AssetImportWorker is now disconnected from the server
Process exiting
Exiting without the bug reporter. Application will terminate with return code 0